Archive member included because of file (symbol)

..\library.a(initialize.o)    obj\debug\main.o (InitializeHardware)
..\library.a(startup_stm32f429xx.o)
                              ..\library.a(initialize.o) (Reset_Handler)
..\library.a(stm32f4xx_it.o)  ..\library.a(initialize.o) (IncludeThis)
..\library.a(lcd_log.o)       ..\library.a(initialize.o) (LCD_LOG_Init)
..\library.a(stm32f429i_discovery.o)
                              ..\library.a(initialize.o) (BSP_PB_Init)
..\library.a(stm32f429i_discovery_lcd.o)
                              ..\library.a(initialize.o) (BSP_LCD_Init)
..\library.a(stm32f429i_discovery_sdram.o)
                              ..\library.a(stm32f429i_discovery_lcd.o) (BSP_SDRAM_Init)
..\library.a(system_stm32f4xx.o)
                              ..\library.a(startup_stm32f429xx.o) (SystemInit)
..\library.a(stm32f4xx_hal.o)
                              ..\library.a(initialize.o) (HAL_Init)
..\library.a(stm32f4xx_hal_cortex.o)
                              ..\library.a(stm32f4xx_hal.o) (HAL_NVIC_SetPriorityGrouping)
..\library.a(stm32f4xx_hal_dma.o)
                              ..\library.a(stm32f429i_discovery_sdram.o) (HAL_DMA_Init)
..\library.a(stm32f4xx_hal_dma2d.o)
                              ..\library.a(stm32f429i_discovery_lcd.o) (HAL_DMA2D_Init)
..\library.a(stm32f4xx_hal_gpio.o)
                              ..\library.a(stm32f429i_discovery.o) (HAL_GPIO_Init)
..\library.a(stm32f4xx_hal_i2c.o)
                              ..\library.a(stm32f429i_discovery.o) (HAL_I2C_Init)
..\library.a(stm32f4xx_hal_ltdc.o)
                              ..\library.a(stm32f429i_discovery_lcd.o) (HAL_LTDC_Init)
..\library.a(stm32f4xx_hal_pwr_ex.o)
                              ..\library.a(initialize.o) (HAL_PWREx_EnableOverDrive)
..\library.a(stm32f4xx_hal_rcc.o)
                              ..\library.a(initialize.o) (HAL_RCC_OscConfig)
..\library.a(stm32f4xx_hal_rcc_ex.o)
                              ..\library.a(stm32f429i_discovery_lcd.o) (HAL_RCCEx_PeriphCLKConfig)
..\library.a(stm32f4xx_hal_sdram.o)
                              ..\library.a(stm32f429i_discovery_sdram.o) (HAL_SDRAM_Init)
..\library.a(stm32f4xx_hal_spi.o)
                              ..\library.a(stm32f429i_discovery.o) (HAL_SPI_Init)
..\library.a(stm32f4xx_ll_fmc.o)
                              ..\library.a(stm32f4xx_hal_sdram.o) (FMC_SDRAM_Init)
..\library.a(ili9341.o)       ..\library.a(stm32f429i_discovery_lcd.o) (ili9341_drv)
c:/program files (x86)/embitz/0.40/share/em_armgcc/bin/../lib/gcc/arm-none-eabi/4.8.4/armv7e-m/fpu\libgcc.a(_aeabi_ldivmod.o)
                              obj\debug\main.o (__aeabi_ldivmod)
c:/program files (x86)/embitz/0.40/share/em_armgcc/bin/../lib/gcc/arm-none-eabi/4.8.4/armv7e-m/fpu\libgcc.a(bpabi.o)
                              c:/program files (x86)/embitz/0.40/share/em_armgcc/bin/../lib/gcc/arm-none-eabi/4.8.4/armv7e-m/fpu\libgcc.a(_aeabi_ldivmod.o) (__gnu_ldivmod_helper)
c:/program files (x86)/embitz/0.40/share/em_armgcc/bin/../lib/gcc/arm-none-eabi/4.8.4/armv7e-m/fpu\libgcc.a(_dvmd_tls.o)
                              c:/program files (x86)/embitz/0.40/share/em_armgcc/bin/../lib/gcc/arm-none-eabi/4.8.4/armv7e-m/fpu\libgcc.a(_aeabi_ldivmod.o) (__aeabi_ldiv0)
c:/program files (x86)/embitz/0.40/share/em_armgcc/bin/../lib/gcc/arm-none-eabi/4.8.4/armv7e-m/fpu\libgcc.a(_divdi3.o)
                              c:/program files (x86)/embitz/0.40/share/em_armgcc/bin/../lib/gcc/arm-none-eabi/4.8.4/armv7e-m/fpu\libgcc.a(bpabi.o) (__divdi3)
c:/program files (x86)/embitz/0.40/share/em_armgcc/bin/../lib/gcc/arm-none-eabi/4.8.4/armv7e-m/fpu\libgcc.a(_udivdi3.o)
                              c:/program files (x86)/embitz/0.40/share/em_armgcc/bin/../lib/gcc/arm-none-eabi/4.8.4/armv7e-m/fpu\libgcc.a(bpabi.o) (__udivdi3)
c:/program files (x86)/embitz/0.40/share/em_armgcc/bin/../lib/gcc/arm-none-eabi/4.8.4/../../../../arm-none-eabi/lib/armv7e-m/fpu\libg_n.a(lib_a-printf.o)
                              obj\debug\main.o (printf)
c:/program files (x86)/embitz/0.40/share/em_armgcc/bin/../lib/gcc/arm-none-eabi/4.8.4/../../../../arm-none-eabi/lib/armv7e-m/fpu\libg_n.a(lib_a-putchar.o)
                              obj\debug\main.o (putchar)
c:/program files (x86)/embitz/0.40/share/em_armgcc/bin/../lib/gcc/arm-none-eabi/4.8.4/../../../../arm-none-eabi/lib/armv7e-m/fpu\libg_n.a(lib_a-puts.o)
                              obj\debug\main.o (puts)
c:/program files (x86)/embitz/0.40/share/em_armgcc/bin/../lib/gcc/arm-none-eabi/4.8.4/../../../../arm-none-eabi/lib/armv7e-m/fpu\libg_n.a(lib_a-strchr.o)
                              ..\library.a(initialize.o) (strchr)
c:/program files (x86)/embitz/0.40/share/em_armgcc/bin/../lib/gcc/arm-none-eabi/4.8.4/../../../../arm-none-eabi/lib/armv7e-m/fpu\libg_n.a(lib_a-strcpy.o)
                              ..\library.a(initialize.o) (strcpy)
[...]
Memory Configuration

Name             Origin             Length             Attributes
ROM              0x08000000         0x00200000         xr
RAM              0x20000000         0x00030000         xrw
CCRAM            0x10000000         0x00010000         xrw
*default*        0x00000000         0xffffffff

Linker script and memory map

                0x00000200                __HEAP_SIZE = 0x200
                0x00000400                __STACK_SIZE = 0x400

.text           0x08000000     0x7970
 *(.isr_vector)
 .isr_vector    0x08000000      0x1ac ..\library.a(startup_stm32f429xx.o)
                0x08000000                __isr_vector
 *(.text*)
 .text          0x080001ac       0x20 obj\debug\smul64x64inasm.o
                0x080001ac                SMul64x64inASM
 .text.SMul64x64inC
                0x080001cc       0x2c obj\debug\main.o
                0x080001cc                SMul64x64inC
 .text.PrintI64
                0x080001f8       0x50 obj\debug\main.o
                0x080001f8                PrintI64
 .text.startup.main
                0x08000248      0x104 obj\debug\main.o
                0x08000248                main
 .text.InitializeHardware
                0x0800034c      0x108 ..\library.a(initialize.o)
                0x0800034c                InitializeHardware
 .text.WaitForPushButton
                0x08000454       0x18 ..\library.a(initialize.o)
                0x08000454                WaitForPushButton
 .text.ClearDisplay
                0x0800046c        0x4 ..\library.a(initialize.o)
                0x0800046c                ClearDisplay
 .text.GetClockCycleCount
                0x08000470        0xc ..\library.a(initialize.o)
                0x08000470                GetClockCycleCount
 .text          0x0800047c      0x118 ..\library.a(startup_stm32f429xx.o)
                0x0800047c                Reset_Handler
                0x080004ac                _start
                0x080004cc                HardFault_Handler
                0x080004ce                MemManage_Handler
                0x080004d0                BusFault_Handler
                0x080004d2                UsageFault_Handler
                0x080004d4                Default_Handler
                0x080004d6                WWDG_IRQHandler
                0x080004d8                PVD_IRQHandler
                0x080004da                TAMP_STAMP_IRQHandler
                0x080004dc                RTC_WKUP_IRQHandler
                0x080004de                FLASH_IRQHandler
                0x080004e0                RCC_IRQHandler
                0x080004e2                EXTI0_IRQHandler
                0x080004e4                EXTI1_IRQHandler
                0x080004e6                EXTI2_IRQHandler
                0x080004e8                EXTI3_IRQHandler
                0x080004ea                EXTI4_IRQHandler
                0x080004ec                DMA1_Stream0_IRQHandler
                0x080004ee                DMA1_Stream1_IRQHandler
                0x080004f0                DMA1_Stream2_IRQHandler
                0x080004f2                DMA1_Stream3_IRQHandler
                0x080004f4                DMA1_Stream4_IRQHandler
                0x080004f6                DMA1_Stream5_IRQHandler
                0x080004f8                DMA1_Stream6_IRQHandler
                0x080004fa                ADC_IRQHandler
                0x080004fc                CAN1_TX_IRQHandler
                0x080004fe                CAN1_RX0_IRQHandler
                0x08000500                CAN1_RX1_IRQHandler
                0x08000502                CAN1_SCE_IRQHandler
                0x08000504                EXTI9_5_IRQHandler
                0x08000506                TIM1_BRK_TIM9_IRQHandler
                0x08000508                TIM1_UP_TIM10_IRQHandler
                0x0800050a                TIM1_TRG_COM_TIM11_IRQHandler
                0x0800050c                TIM1_CC_IRQHandler
                0x0800050e                TIM2_IRQHandler
                0x08000510                TIM3_IRQHandler
                0x08000512                TIM4_IRQHandler
                0x08000514                I2C1_EV_IRQHandler
                0x08000516                I2C1_ER_IRQHandler
                0x08000518                I2C2_EV_IRQHandler
                0x0800051a                I2C2_ER_IRQHandler
                0x0800051c                SPI1_IRQHandler
                0x0800051e                SPI2_IRQHandler
                0x08000520                USART1_IRQHandler
                0x08000522                USART2_IRQHandler
                0x08000524                USART3_IRQHandler
                0x08000526                EXTI15_10_IRQHandler
                0x08000528                RTC_Alarm_IRQHandler
                0x0800052a                OTG_FS_WKUP_IRQHandler
                0x0800052c                TIM8_BRK_TIM12_IRQHandler
                0x0800052e                TIM8_UP_TIM13_IRQHandler
                0x08000530                TIM8_TRG_COM_TIM14_IRQHandler
                0x08000532                TIM8_CC_IRQHandler
                0x08000534                DMA1_Stream7_IRQHandler
                0x08000536                FSMC_IRQHandler
                0x08000538                SDIO_IRQHandler
                0x0800053a                TIM5_IRQHandler
                0x0800053c                SPI3_IRQHandler
                0x0800053e                UART4_IRQHandler
                0x08000540                UART5_IRQHandler
                0x08000542                TIM6_DAC_IRQHandler
                0x08000544                TIM7_IRQHandler
                0x08000546                DMA2_Stream0_IRQHandler
                0x08000548                DMA2_Stream1_IRQHandler
                0x0800054a                DMA2_Stream2_IRQHandler
                0x0800054c                DMA2_Stream3_IRQHandler
                0x0800054e                DMA2_Stream4_IRQHandler
                0x08000550                ETH_IRQHandler
                0x08000552                ETH_WKUP_IRQHandler
                0x08000554                CAN2_TX_IRQHandler
                0x08000556                CAN2_RX0_IRQHandler
                0x08000558                CAN2_RX1_IRQHandler
                0x0800055a                CAN2_SCE_IRQHandler
                0x0800055c                OTG_FS_IRQHandler
                0x0800055e                DMA2_Stream5_IRQHandler
                0x08000560                DMA2_Stream6_IRQHandler
                0x08000562                DMA2_Stream7_IRQHandler
                0x08000564                USART6_IRQHandler
                0x08000566                I2C3_EV_IRQHandler
                0x08000568                I2C3_ER_IRQHandler
                0x0800056a                OTG_HS_EP1_OUT_IRQHandler
                0x0800056c                OTG_HS_EP1_IN_IRQHandler
                0x0800056e                OTG_HS_WKUP_IRQHandler
                0x08000570                OTG_HS_IRQHandler
                0x08000572                DCMI_IRQHandler
                0x08000574                CRYP_IRQHandler
                0x08000576                HASH_RNG_IRQHandler
                0x08000578                FPU_IRQHandler
                0x0800057a                UART7_IRQHandler
                0x0800057c                UART8_IRQHandler
                0x0800057e                SPI4_IRQHandler
                0x08000580                SPI5_IRQHandler
                0x08000582                SPI6_IRQHandler
                0x08000584                SAI1_IRQHandler
                0x08000586                LTDC_IRQHandler
                0x08000588                LTDC_ER_IRQHandler
                0x0800058a                DMA2D_IRQHandler
 .text.NMI_Handler
                0x08000594        0x2 ..\library.a(stm32f4xx_it.o)
                0x08000594                NMI_Handler
 .text.SVC_Handler
                0x08000596        0x2 ..\library.a(stm32f4xx_it.o)
                0x08000596                SVC_Handler
 .text.DebugMon_Handler
                0x08000598        0x2 ..\library.a(stm32f4xx_it.o)
                0x08000598                DebugMon_Handler
 .text.PendSV_Handler
                0x0800059a        0x2 ..\library.a(stm32f4xx_it.o)
                0x0800059a                PendSV_Handler
 .text.SysTick_Handler
                0x0800059c        0x4 ..\library.a(stm32f4xx_it.o)
                0x0800059c                SysTick_Handler
 .text.LCD_LOG_DeInit
                0x080005a0       0x64 ..\library.a(lcd_log.o)
                0x080005a0                LCD_LOG_DeInit
 .text.LCD_LOG_Init
                0x08000604       0x12 ..\library.a(lcd_log.o)
                0x08000604                LCD_LOG_Init
 *fill*         0x08000616        0x2 
 .text.LCD_LOG_SetHeader
                0x08000618       0x6c ..\library.a(lcd_log.o)
                0x08000618                LCD_LOG_SetHeader
 .text.LCD_LOG_SetFooter
                0x08000684       0x80 ..\library.a(lcd_log.o)
                0x08000684                LCD_LOG_SetFooter
 .text.LCD_LOG_ClearTextZone
                0x08000704       0x18 ..\library.a(lcd_log.o)
                0x08000704                LCD_LOG_ClearTextZone
 .text.LCD_LOG_UpdateDisplay
                0x0800071c       0x7c ..\library.a(lcd_log.o)
                0x0800071c                LCD_LOG_UpdateDisplay
 .text.Put1Char
                0x08000798      0x140 ..\library.a(lcd_log.o)
                0x08000798                Put1Char
 .text._write   0x080008d8       0x1a ..\library.a(lcd_log.o)
                0x080008d8                _write
 *fill*         0x080008f2        0x2 
 .text.SPIx_Init
                0x080008f4       0x94 ..\library.a(stm32f429i_discovery.o)
 .text.SPIx_Write
                0x08000988       0x30 ..\library.a(stm32f429i_discovery.o)
 .text.BSP_PB_Init
                0x080009b8       0x70 ..\library.a(stm32f429i_discovery.o)
                0x080009b8                BSP_PB_Init
 .text.BSP_PB_GetState
                0x08000a28       0x14 ..\library.a(stm32f429i_discovery.o)
                0x08000a28                BSP_PB_GetState
 .text.LCD_IO_Init
                0x08000a3c       0xb0 ..\library.a(stm32f429i_discovery.o)
                0x08000a3c                LCD_IO_Init
 .text.LCD_IO_WriteData
                0x08000aec       0x38 ..\library.a(stm32f429i_discovery.o)
                0x08000aec                LCD_IO_WriteData
 .text.LCD_IO_WriteReg
                0x08000b24       0x38 ..\library.a(stm32f429i_discovery.o)
                0x08000b24                LCD_IO_WriteReg
 .text.LCD_IO_ReadData
                0x08000b5c       0x6c ..\library.a(stm32f429i_discovery.o)
                0x08000b5c                LCD_IO_ReadData
 .text.LCD_Delay
                0x08000bc8        0x4 ..\library.a(stm32f429i_discovery.o)
                0x08000bc8                LCD_Delay
 .text.FillBuffer
                0x08000bcc       0x64 ..\library.a(stm32f429i_discovery_lcd.o)
 .text.BSP_LCD_Init
                0x08000c30      0x1dc ..\library.a(stm32f429i_discovery_lcd.o)
                0x08000c30                BSP_LCD_Init
 .text.BSP_LCD_GetXSize
                0x08000e0c       0x10 ..\library.a(stm32f429i_discovery_lcd.o)
                0x08000e0c                BSP_LCD_GetXSize
 .text.BSP_LCD_GetYSize
                0x08000e1c       0x10 ..\library.a(stm32f429i_discovery_lcd.o)
                0x08000e1c                BSP_LCD_GetYSize
 .text.BSP_LCD_LayerDefaultInit
                0x08000e2c       0x80 ..\library.a(stm32f429i_discovery_lcd.o)
                0x08000e2c                BSP_LCD_LayerDefaultInit
 .text.BSP_LCD_SelectLayer
                0x08000eac        0xc ..\library.a(stm32f429i_discovery_lcd.o)
                0x08000eac                BSP_LCD_SelectLayer
 .text.BSP_LCD_SetTextColor
                0x08000eb8       0x18 ..\library.a(stm32f429i_discovery_lcd.o)
                0x08000eb8                BSP_LCD_SetTextColor
 .text.BSP_LCD_SetBackColor
                0x08000ed0       0x18 ..\library.a(stm32f429i_discovery_lcd.o)
                0x08000ed0                BSP_LCD_SetBackColor
 .text.BSP_LCD_SetFont
                0x08000ee8       0x18 ..\library.a(stm32f429i_discovery_lcd.o)
                0x08000ee8                BSP_LCD_SetFont
 .text.BSP_LCD_GetFont
                0x08000f00       0x18 ..\library.a(stm32f429i_discovery_lcd.o)
                0x08000f00                BSP_LCD_GetFont
 .text.BSP_LCD_Clear
                0x08000f18       0x3c ..\library.a(stm32f429i_discovery_lcd.o)
                0x08000f18                BSP_LCD_Clear
 .text.BSP_LCD_FillRect
                0x08000f54       0x5c ..\library.a(stm32f429i_discovery_lcd.o)
                0x08000f54                BSP_LCD_FillRect
 .text.BSP_LCD_ClearStringLine
                0x08000fb0       0x50 ..\library.a(stm32f429i_discovery_lcd.o)
                0x08000fb0                BSP_LCD_ClearStringLine
 .text.BSP_LCD_DisplayOn
                0x08001000       0x14 ..\library.a(stm32f429i_discovery_lcd.o)
                0x08001000                BSP_LCD_DisplayOn
 .text.BSP_LCD_DrawPixel
                0x08001014       0x2c ..\library.a(stm32f429i_discovery_lcd.o)
                0x08001014                BSP_LCD_DrawPixel
 .text.BSP_LCD_DisplayChar
                0x08001040       0xd8 ..\library.a(stm32f429i_discovery_lcd.o)
                0x08001040                BSP_LCD_DisplayChar
 .text.BSP_LCD_DisplayStringAt
                0x08001118       0xb4 ..\library.a(stm32f429i_discovery_lcd.o)
                0x08001118                BSP_LCD_DisplayStringAt
 .text.BSP_LCD_DisplayStringAtLine
                0x080011cc       0x2c ..\library.a(stm32f429i_discovery_lcd.o)
                0x080011cc                BSP_LCD_DisplayStringAtLine
 .text.BSP_SDRAM_Initialization_sequence
                0x080011f8       0x9c ..\library.a(stm32f429i_discovery_sdram.o)
                0x080011f8                BSP_SDRAM_Initialization_sequence
 .text.BSP_SDRAM_Init
                0x08001294      0x1d8 ..\library.a(stm32f429i_discovery_sdram.o)
                0x08001294                BSP_SDRAM_Init
 .text.SystemInit
                0x0800146c       0x4c ..\library.a(system_stm32f4xx.o)
                0x0800146c                SystemInit
 .text.HAL_MspInit
                0x080014b8        0x2 ..\library.a(stm32f4xx_hal.o)
                0x080014b8                HAL_MspInit
 .text.HAL_InitTick
                0x080014ba       0x24 ..\library.a(stm32f4xx_hal.o)
                0x080014ba                HAL_InitTick
 *fill*         0x080014de        0x2 
 .text.HAL_Init
                0x080014e0       0x34 ..\library.a(stm32f4xx_hal.o)
                0x080014e0                HAL_Init
 .text.HAL_IncTick
                0x08001514       0x10 ..\library.a(stm32f4xx_hal.o)
                0x08001514                HAL_IncTick
 .text.HAL_GetTick
                0x08001524        0xc ..\library.a(stm32f4xx_hal.o)
                0x08001524                HAL_GetTick
 .text.HAL_Delay
                0x08001530       0x1a ..\library.a(stm32f4xx_hal.o)
                0x08001530                HAL_Delay
 *fill*         0x0800154a        0x2 
 .text.HAL_NVIC_SetPriorityGrouping
                0x0800154c       0x24 ..\library.a(stm32f4xx_hal_cortex.o)
                0x0800154c                HAL_NVIC_SetPriorityGrouping
 .text.HAL_NVIC_SetPriority
                0x08001570       0x64 ..\library.a(stm32f4xx_hal_cortex.o)
                0x08001570                HAL_NVIC_SetPriority
 .text.HAL_NVIC_EnableIRQ
                0x080015d4       0x18 ..\library.a(stm32f4xx_hal_cortex.o)
                0x080015d4                HAL_NVIC_EnableIRQ
 .text.HAL_SYSTICK_Config
                0x080015ec       0x2c ..\library.a(stm32f4xx_hal_cortex.o)
                0x080015ec                HAL_SYSTICK_Config
 .text.HAL_DMA_Init
                0x08001618       0x74 ..\library.a(stm32f4xx_hal_dma.o)
                0x08001618                HAL_DMA_Init
 .text.HAL_DMA_DeInit
                0x0800168c      0x414 ..\library.a(stm32f4xx_hal_dma.o)
                0x0800168c                HAL_DMA_DeInit
 .text.DMA2D_SetConfig
                0x08001aa0       0x8a ..\library.a(stm32f4xx_hal_dma2d.o)
 .text.HAL_DMA2D_MspInit
                0x08001b2a        0x2 ..\library.a(stm32f4xx_hal_dma2d.o)
                0x08001b2a                HAL_DMA2D_MspInit
 .text.HAL_DMA2D_Init
                0x08001b2c       0x5c ..\library.a(stm32f4xx_hal_dma2d.o)
                0x08001b2c                HAL_DMA2D_Init
 .text.HAL_DMA2D_Start
                0x08001b88       0x40 ..\library.a(stm32f4xx_hal_dma2d.o)
                0x08001b88                HAL_DMA2D_Start
 .text.HAL_DMA2D_PollForTransfer
                0x08001bc8       0xc8 ..\library.a(stm32f4xx_hal_dma2d.o)
                0x08001bc8                HAL_DMA2D_PollForTransfer
 .text.HAL_DMA2D_ConfigLayer
                0x08001c90       0xdc ..\library.a(stm32f4xx_hal_dma2d.o)
                0x08001c90                HAL_DMA2D_ConfigLayer
 .text.HAL_GPIO_Init
                0x08001d6c      0x19c ..\library.a(stm32f4xx_hal_gpio.o)
                0x08001d6c                HAL_GPIO_Init
 .text.HAL_GPIO_ReadPin
                0x08001f08        0xc ..\library.a(stm32f4xx_hal_gpio.o)
                0x08001f08                HAL_GPIO_ReadPin
 .text.HAL_GPIO_WritePin
                0x08001f14        0x8 ..\library.a(stm32f4xx_hal_gpio.o)
                0x08001f14                HAL_GPIO_WritePin
 .text.LTDC_SetConfig
                0x08001f1c      0x170 ..\library.a(stm32f4xx_hal_ltdc.o)
 .text.HAL_LTDC_MspInit
                0x0800208c        0x2 ..\library.a(stm32f4xx_hal_ltdc.o)
                0x0800208c                HAL_LTDC_MspInit
 *fill*         0x0800208e        0x2 
 .text.HAL_LTDC_Init
                0x08002090      0x104 ..\library.a(stm32f4xx_hal_ltdc.o)
                0x08002090                HAL_LTDC_Init
 .text.HAL_LTDC_ConfigLayer
                0x08002194       0x56 ..\library.a(stm32f4xx_hal_ltdc.o)
                0x08002194                HAL_LTDC_ConfigLayer
 *fill*         0x080021ea        0x2 
 .text.HAL_LTDC_EnableDither
                0x080021ec       0x34 ..\library.a(stm32f4xx_hal_ltdc.o)
                0x080021ec                HAL_LTDC_EnableDither
 .text.HAL_PWREx_EnableOverDrive
                0x08002220       0x98 ..\library.a(stm32f4xx_hal_pwr_ex.o)
                0x08002220                HAL_PWREx_EnableOverDrive
 .text.HAL_RCC_OscConfig
                0x080022b8      0x304 ..\library.a(stm32f4xx_hal_rcc.o)
                0x080022b8                HAL_RCC_OscConfig
 .text.HAL_RCC_ClockConfig
                0x080025bc      0x208 ..\library.a(stm32f4xx_hal_rcc.o)
                0x080025bc                HAL_RCC_ClockConfig
 .text.HAL_RCC_GetSysClockFreq
                0x080027c4       0x8c ..\library.a(stm32f4xx_hal_rcc.o)
                0x080027c4                HAL_RCC_GetSysClockFreq
 .text.HAL_RCC_GetHCLKFreq
                0x08002850       0x38 ..\library.a(stm32f4xx_hal_rcc.o)
                0x08002850                HAL_RCC_GetHCLKFreq
 .text.HAL_RCCEx_PeriphCLKConfig
                0x08002888      0x2d8 ..\library.a(stm32f4xx_hal_rcc_ex.o)
                0x08002888                HAL_RCCEx_PeriphCLKConfig
 .text.HAL_SDRAM_MspInit
                0x08002b60        0x2 ..\library.a(stm32f4xx_hal_sdram.o)
                0x08002b60                HAL_SDRAM_MspInit
 .text.HAL_SDRAM_Init
                0x08002b62       0x40 ..\library.a(stm32f4xx_hal_sdram.o)
                0x08002b62                HAL_SDRAM_Init
 .text.HAL_SDRAM_SendCommand
                0x08002ba2       0x2e ..\library.a(stm32f4xx_hal_sdram.o)
                0x08002ba2                HAL_SDRAM_SendCommand
 .text.HAL_SDRAM_ProgramRefreshRate
                0x08002bd0       0x24 ..\library.a(stm32f4xx_hal_sdram.o)
                0x08002bd0                HAL_SDRAM_ProgramRefreshRate
 .text.SPI_WaitOnFlagUntilTimeout
                0x08002bf4       0x98 ..\library.a(stm32f4xx_hal_spi.o)
 .text.HAL_SPI_MspInit
                0x08002c8c        0x2 ..\library.a(stm32f4xx_hal_spi.o)
                0x08002c8c                HAL_SPI_MspInit
 .text.HAL_SPI_Init
                0x08002c8e       0x86 ..\library.a(stm32f4xx_hal_spi.o)
                0x08002c8e                HAL_SPI_Init
 .text.HAL_SPI_MspDeInit
                0x08002d14        0x2 ..\library.a(stm32f4xx_hal_spi.o)
                0x08002d14                HAL_SPI_MspDeInit
 .text.HAL_SPI_DeInit
                0x08002d16       0x26 ..\library.a(stm32f4xx_hal_spi.o)
                0x08002d16                HAL_SPI_DeInit
 .text.HAL_SPI_Transmit
                0x08002d3c      0x14c ..\library.a(stm32f4xx_hal_spi.o)
                0x08002d3c                HAL_SPI_Transmit
 .text.HAL_SPI_TransmitReceive
                0x08002e88      0x2c6 ..\library.a(stm32f4xx_hal_spi.o)
                0x08002e88                HAL_SPI_TransmitReceive
 .text.HAL_SPI_Receive
                0x0800314e      0x1dc ..\library.a(stm32f4xx_hal_spi.o)
                0x0800314e                HAL_SPI_Receive
 .text.HAL_SPI_GetState
                0x0800332a        0x6 ..\library.a(stm32f4xx_hal_spi.o)
                0x0800332a                HAL_SPI_GetState
 .text.FMC_SDRAM_Init
                0x08003330       0x84 ..\library.a(stm32f4xx_ll_fmc.o)
                0x08003330                FMC_SDRAM_Init
 .text.FMC_SDRAM_Timing_Init
                0x080033b4       0x8a ..\library.a(stm32f4xx_ll_fmc.o)
                0x080033b4                FMC_SDRAM_Timing_Init
 .text.FMC_SDRAM_SendCommand
                0x0800343e       0x4c ..\library.a(stm32f4xx_ll_fmc.o)
                0x0800343e                FMC_SDRAM_SendCommand
 .text.FMC_SDRAM_ProgramRefreshRate
                0x0800348a        0xc ..\library.a(stm32f4xx_ll_fmc.o)
                0x0800348a                FMC_SDRAM_ProgramRefreshRate
 .text.ili9341_GetLcdPixelWidth
                0x08003496        0x4 ..\library.a(ili9341.o)
                0x08003496                ili9341_GetLcdPixelWidth
 .text.ili9341_GetLcdPixelHeight
                0x0800349a        0x6 ..\library.a(ili9341.o)
                0x0800349a                ili9341_GetLcdPixelHeight
 .text.ili9341_DisplayOn
                0x080034a0        0x6 ..\library.a(ili9341.o)
                0x080034a0                ili9341_DisplayOn
 .text.ili9341_DisplayOff
                0x080034a6        0x6 ..\library.a(ili9341.o)
                0x080034a6                ili9341_DisplayOff
 .text.ili9341_Init
                0x080034ac      0x292 ..\library.a(ili9341.o)
                0x080034ac                ili9341_Init
 .text.ili9341_ReadID
                0x0800373e       0x12 ..\library.a(ili9341.o)
                0x0800373e                ili9341_ReadID
 .text          0x08003750       0x38 c:/program files (x86)/embitz/0.40/share/em_armgcc/bin/../lib/gcc/arm-none-eabi/4.8.4/armv7e-m/fpu\libgcc.a(_aeabi_ldivmod.o)
                0x08003750                __aeabi_ldivmod
 .text          0x08003788       0x60 c:/program files (x86)/embitz/0.40/share/em_armgcc/bin/../lib/gcc/arm-none-eabi/4.8.4/armv7e-m/fpu\libgcc.a(bpabi.o)
                0x08003788                __gnu_ldivmod_helper
                0x080037b8                __gnu_uldivmod_helper
 .text          0x080037e8        0x4 c:/program files (x86)/embitz/0.40/share/em_armgcc/bin/../lib/gcc/arm-none-eabi/4.8.4/armv7e-m/fpu\libgcc.a(_dvmd_tls.o)
                0x080037e8                __aeabi_idiv0
                0x080037e8                __aeabi_ldiv0
 .text          0x080037ec      0x298 c:/program files (x86)/embitz/0.40/share/em_armgcc/bin/../lib/gcc/arm-none-eabi/4.8.4/armv7e-m/fpu\libgcc.a(_divdi3.o)
                0x080037ec                __divdi3
 .text          0x08003a84      0x284 c:/program files (x86)/embitz/0.40/share/em_armgcc/bin/../lib/gcc/arm-none-eabi/4.8.4/armv7e-m/fpu\libgcc.a(_udivdi3.o)
                0x08003a84                __udivdi3
 .text.printf   0x08003d08       0x30 c:/program files (x86)/embitz/0.40/share/em_armgcc/bin/../lib/gcc/arm-none-eabi/4.8.4/../../../../arm-none-eabi/lib/armv7e-m/fpu\libg_n.a(lib_a-printf.o)
                0x08003d08                iprintf
                0x08003d08                printf
 .text.putchar  0x08003d38       0x28 c:/program files (x86)/embitz/0.40/share/em_armgcc/bin/../lib/gcc/arm-none-eabi/4.8.4/../../../../arm-none-eabi/lib/armv7e-m/fpu\libg_n.a(lib_a-putchar.o)
                0x08003d38                putchar
 .text._puts_r  0x08003d60       0xc0 c:/program files (x86)/embitz/0.40/share/em_armgcc/bin/../lib/gcc/arm-none-eabi/4.8.4/../../../../arm-none-eabi/lib/armv7e-m/fpu\libg_n.a(lib_a-puts.o)
                0x08003d60                _puts_r
 .text.puts     0x08003e20       0x10 c:/program files (x86)/embitz/0.40/share/em_armgcc/bin/../lib/gcc/arm-none-eabi/4.8.4/../../../../arm-none-eabi/lib/armv7e-m/fpu\libg_n.a(lib_a-puts.o)
                0x08003e20                puts
 .text.strchr   0x08003e30       0x1a c:/program files (x86)/embitz/0.40/share/em_armgcc/bin/../lib/gcc/arm-none-eabi/4.8.4/../../../../arm-none-eabi/lib/armv7e-m/fpu\libg_n.a(lib_a-strchr.o)
                0x08003e30                strchr
 .text.strcpy   0x08003e4a       0x10 c:/program files (x86)/embitz/0.40/share/em_armgcc/bin/../lib/gcc/arm-none-eabi/4.8.4/../../../../arm-none-eabi/lib/armv7e-m/fpu\libg_n.a(lib_a-strcpy.o)
                0x08003e4a                strcpy
 .text.__sfputc_r
                0x08003e5a       0x2c c:/program files (x86)/embitz/0.40/share/em_armgcc/bin/../lib/gcc/arm-none-eabi/4.8.4/../../../../arm-none-eabi/lib/armv7e-m/fpu\libg_n.a(lib_a-vfprintf.o)
 .text.__sfputs_r
                0x08003e86       0x24 c:/program files (x86)/embitz/0.40/share/em_armgcc/bin/../lib/gcc/arm-none-eabi/4.8.4/../../../../arm-none-eabi/lib/armv7e-m/fpu\libg_n.a(lib_a-vfprintf.o)
                0x08003e86                __sfputs_r
 *fill*         0x08003eaa        0x2 
 .text._vfprintf_r
                0x08003eac      0x208 c:/program files (x86)/embitz/0.40/share/em_armgcc/bin/../lib/gcc/arm-none-eabi/4.8.4/../../../../arm-none-eabi/lib/armv7e-m/fpu\libg_n.a(lib_a-vfprintf.o)
                0x08003eac                _vfprintf_r
                0x08003eac                _vfiprintf_r
 .text._printf_common
                0x080040b4       0xe4 c:/program files (x86)/embitz/0.40/share/em_armgcc/bin/../lib/gcc/arm-none-eabi/4.8.4/../../../../arm-none-eabi/lib/armv7e-m/fpu\libg_n.a(lib_a-vfprintf_i.o)
                0x080040b4                _printf_common
 .text._printf_i
                0x08004198      0x228 c:/program files (x86)/embitz/0.40/share/em_armgcc/bin/../lib/gcc/arm-none-eabi/4.8.4/../../../../arm-none-eabi/lib/armv7e-m/fpu\libg_n.a(lib_a-vfprintf_i.o)
                0x08004198                _printf_i
 .text.__swbuf_r
                0x080043c0       0xa8 c:/program files (x86)/embitz/0.40/share/em_armgcc/bin/../lib/gcc/arm-none-eabi/4.8.4/../../../../arm-none-eabi/lib/armv7e-m/fpu\libg_n.a(lib_a-wbuf.o)
                0x080043c0                __swbuf_r
 .text.__swsetup_r
                0x08004468       0xdc c:/program files (x86)/embitz/0.40/share/em_armgcc/bin/../lib/gcc/arm-none-eabi/4.8.4/../../../../arm-none-eabi/lib/armv7e-m/fpu\libg_n.a(lib_a-wsetup.o)
                0x08004468                __swsetup_r
 .text.__sflush_r
                0x08004544      0x106 c:/program files (x86)/embitz/0.40/share/em_armgcc/bin/../lib/gcc/arm-none-eabi/4.8.4/../../../../arm-none-eabi/lib/armv7e-m/fpu\libg_n.a(lib_a-fflush.o)
                0x08004544                __sflush_r
 *fill*         0x0800464a        0x2 
 .text._fflush_r
                0x0800464c       0x54 c:/program files (x86)/embitz/0.40/share/em_armgcc/bin/../lib/gcc/arm-none-eabi/4.8.4/../../../../arm-none-eabi/lib/armv7e-m/fpu\libg_n.a(lib_a-fflush.o)
                0x0800464c                _fflush_r
 .text._cleanup_r
                0x080046a0       0x32 c:/program files (x86)/embitz/0.40/share/em_armgcc/bin/../lib/gcc/arm-none-eabi/4.8.4/../../../../arm-none-eabi/lib/armv7e-m/fpu\libg_n.a(lib_a-findfp.o)
                0x080046a0                _cleanup_r
 *fill*         0x080046d2        0x2 
 .text.std.isra.0
                0x080046d4       0x48 c:/program files (x86)/embitz/0.40/share/em_armgcc/bin/../lib/gcc/arm-none-eabi/4.8.4/../../../../arm-none-eabi/lib/armv7e-m/fpu\libg_n.a(lib_a-findfp.o)
 .text.__sfmoreglue
                0x0800471c       0x2c c:/program files (x86)/embitz/0.40/share/em_armgcc/bin/../lib/gcc/arm-none-eabi/4.8.4/../../../../arm-none-eabi/lib/armv7e-m/fpu\libg_n.a(lib_a-findfp.o)
                0x0800471c                __sfmoreglue
 .text.__sinit  0x08004748       0x60 c:/program files (x86)/embitz/0.40/share/em_armgcc/bin/../lib/gcc/arm-none-eabi/4.8.4/../../../../arm-none-eabi/lib/armv7e-m/fpu\libg_n.a(lib_a-findfp.o)
                0x08004748                __sinit
 .text.__sfp    0x080047a8       0x74 c:/program files (x86)/embitz/0.40/share/em_armgcc/bin/../lib/gcc/arm-none-eabi/4.8.4/../../../../arm-none-eabi/lib/armv7e-m/fpu\libg_n.a(lib_a-findfp.o)
                0x080047a8                __sfp
 .text.__smakebuf_r
                0x0800481c       0x9c c:/program files (x86)/embitz/0.40/share/em_armgcc/bin/../lib/gcc/arm-none-eabi/4.8.4/../../../../arm-none-eabi/lib/armv7e-m/fpu\libg_n.a(lib_a-makebuf.o)
                0x0800481c                __smakebuf_r
 .text.memchr   0x080048b8       0x1e c:/program files (x86)/embitz/0.40/share/em_armgcc/bin/../lib/gcc/arm-none-eabi/4.8.4/../../../../arm-none-eabi/lib/armv7e-m/fpu\libg_n.a(lib_a-memchr-stub.o)
                0x080048b8                memchr
 .text.memset   0x080048d6       0x10 c:/program files (x86)/embitz/0.40/share/em_armgcc/bin/../lib/gcc/arm-none-eabi/4.8.4/../../../../arm-none-eabi/lib/armv7e-m/fpu\libg_n.a(lib_a-memset.o)
                0x080048d6                memset
 *fill*         0x080048e6        0x2 
 .text._free_r  0x080048e8       0x88 c:/program files (x86)/embitz/0.40/share/em_armgcc/bin/../lib/gcc/arm-none-eabi/4.8.4/../../../../arm-none-eabi/lib/armv7e-m/fpu\libg_n.a(lib_a-nano-freer.o)
                0x080048e8                _free_r
 .text._malloc_r
                0x08004970       0xa8 c:/program files (x86)/embitz/0.40/share/em_armgcc/bin/../lib/gcc/arm-none-eabi/4.8.4/../../../../arm-none-eabi/lib/armv7e-m/fpu\libg_n.a(lib_a-nano-mallocr.o)
                0x08004970                _malloc_r
 .text._putc_r  0x08004a18       0x78 c:/program files (x86)/embitz/0.40/share/em_armgcc/bin/../lib/gcc/arm-none-eabi/4.8.4/../../../../arm-none-eabi/lib/armv7e-m/fpu\libg_n.a(lib_a-putc.o)
                0x08004a18                _putc_r
 .text._sbrk_r  0x08004a90       0x20 c:/program files (x86)/embitz/0.40/share/em_armgcc/bin/../lib/gcc/arm-none-eabi/4.8.4/../../../../arm-none-eabi/lib/armv7e-m/fpu\libg_n.a(lib_a-sbrkr.o)
                0x08004a90                _sbrk_r
 .text.__sread  0x08004ab0       0x22 c:/program files (x86)/embitz/0.40/share/em_armgcc/bin/../lib/gcc/arm-none-eabi/4.8.4/../../../../arm-none-eabi/lib/armv7e-m/fpu\libg_n.a(lib_a-stdio.o)
                0x08004ab0                __sread
 .text.__swrite
                0x08004ad2       0x38 c:/program files (x86)/embitz/0.40/share/em_armgcc/bin/../lib/gcc/arm-none-eabi/4.8.4/../../../../arm-none-eabi/lib/armv7e-m/fpu\libg_n.a(lib_a-stdio.o)
                0x08004ad2                __swrite
 .text.__sseek  0x08004b0a       0x24 c:/program files (x86)/embitz/0.40/share/em_armgcc/bin/../lib/gcc/arm-none-eabi/4.8.4/../../../../arm-none-eabi/lib/armv7e-m/fpu\libg_n.a(lib_a-stdio.o)
                0x08004b0a                __sseek
 .text.__sclose
                0x08004b2e        0x8 c:/program files (x86)/embitz/0.40/share/em_armgcc/bin/../lib/gcc/arm-none-eabi/4.8.4/../../../../arm-none-eabi/lib/armv7e-m/fpu\libg_n.a(lib_a-stdio.o)
                0x08004b2e                __sclose
 .text.strlen   0x08004b36       0x10 c:/program files (x86)/embitz/0.40/share/em_armgcc/bin/../lib/gcc/arm-none-eabi/4.8.4/../../../../arm-none-eabi/lib/armv7e-m/fpu\libg_n.a(lib_a-strlen.o)
                0x08004b36                strlen
 *fill*         0x08004b46        0x2 
 .text._write_r
                0x08004b48       0x24 c:/program files (x86)/embitz/0.40/share/em_armgcc/bin/../lib/gcc/arm-none-eabi/4.8.4/../../../../arm-none-eabi/lib/armv7e-m/fpu\libg_n.a(lib_a-writer.o)
                0x08004b48                _write_r
 .text._close_r
                0x08004b6c       0x20 c:/program files (x86)/embitz/0.40/share/em_armgcc/bin/../lib/gcc/arm-none-eabi/4.8.4/../../../../arm-none-eabi/lib/armv7e-m/fpu\libg_n.a(lib_a-closer.o)
                0x08004b6c                _close_r
 .text._fstat_r
                0x08004b8c       0x24 c:/program files (x86)/embitz/0.40/share/em_armgcc/bin/../lib/gcc/arm-none-eabi/4.8.4/../../../../arm-none-eabi/lib/armv7e-m/fpu\libg_n.a(lib_a-fstatr.o)
                0x08004b8c                _fstat_r
 .text._isatty_r
                0x08004bb0       0x20 c:/program files (x86)/embitz/0.40/share/em_armgcc/bin/../lib/gcc/arm-none-eabi/4.8.4/../../../../arm-none-eabi/lib/armv7e-m/fpu\libg_n.a(lib_a-isattyr.o)
                0x08004bb0                _isatty_r
 .text._lseek_r
                0x08004bd0       0x24 c:/program files (x86)/embitz/0.40/share/em_armgcc/bin/../lib/gcc/arm-none-eabi/4.8.4/../../../../arm-none-eabi/lib/armv7e-m/fpu\libg_n.a(lib_a-lseekr.o)
                0x08004bd0                _lseek_r
 .text._read_r  0x08004bf4       0x24 c:/program files (x86)/embitz/0.40/share/em_armgcc/bin/../lib/gcc/arm-none-eabi/4.8.4/../../../../arm-none-eabi/lib/armv7e-m/fpu\libg_n.a(lib_a-readr.o)
                0x08004bf4                _read_r
 .text          0x08004c18       0x10 c:/program files (x86)/embitz/0.40/share/em_armgcc/bin/../lib/gcc/arm-none-eabi/4.8.4/../../../../arm-none-eabi/lib/armv7e-m/fpu\libnosys_s.a(close.o)
                0x08004c18                _close
 .text          0x08004c28       0x10 c:/program files (x86)/embitz/0.40/share/em_armgcc/bin/../lib/gcc/arm-none-eabi/4.8.4/../../../../arm-none-eabi/lib/armv7e-m/fpu\libnosys_s.a(fstat.o)
                0x08004c28                _fstat
 .text          0x08004c38       0x10 c:/program files (x86)/embitz/0.40/share/em_armgcc/bin/../lib/gcc/arm-none-eabi/4.8.4/../../../../arm-none-eabi/lib/armv7e-m/fpu\libnosys_s.a(isatty.o)
                0x08004c38                _isatty
 .text          0x08004c48       0x10 c:/program files (x86)/embitz/0.40/share/em_armgcc/bin/../lib/gcc/arm-none-eabi/4.8.4/../../../../arm-none-eabi/lib/armv7e-m/fpu\libnosys_s.a(lseek.o)
                0x08004c48                _lseek
 .text          0x08004c58       0x10 c:/program files (x86)/embitz/0.40/share/em_armgcc/bin/../lib/gcc/arm-none-eabi/4.8.4/../../../../arm-none-eabi/lib/armv7e-m/fpu\libnosys_s.a(read.o)
                0x08004c58                _read
 .text          0x08004c68       0x34 c:/program files (x86)/embitz/0.40/share/em_armgcc/bin/../lib/gcc/arm-none-eabi/4.8.4/../../../../arm-none-eabi/lib/armv7e-m/fpu\libnosys_s.a(sbrk.o)
                0x08004c68                _sbrk
 *(.init)
 *(.fini)
 *crtbegin.o(.ctors)
 *crtbegin?.o(.ctors)
 *(EXCLUDE_FILE(*crtend.o *crtend?.o) .ctors)
 *(SORT(.ctors.*))
 *(.ctors)
 *crtbegin.o(.dtors)
 *crtbegin?.o(.dtors)
 *(EXCLUDE_FILE(*crtend.o *crtend?.o) .dtors)
 *(SORT(.dtors.*))
 *(.dtors)
 *(.rodata*)
 .rodata.str1.1
                0x08004c9c       0xa5 obj\debug\main.o
 *fill*         0x08004d41        0x7 
 .rodata.testcase.5024
                0x08004d48       0x70 obj\debug\main.o
 .rodata.Font16_Table
                0x08004db8      0xbe0 ..\library.a(stm32f429i_discovery_lcd.o)
                0x08004db8                Font16_Table
 .rodata.Font24_Table
                0x08005998     0x1ab8 ..\library.a(stm32f429i_discovery_lcd.o)
                0x08005998                Font24_Table
 .rodata.Font12_Table
                0x08007450      0x474 ..\library.a(stm32f429i_discovery_lcd.o)
                0x08007450                Font12_Table
 .rodata.APBAHBPrescTable
                0x080078c4       0x10 ..\library.a(stm32f4xx_hal_rcc.o)
                0x080078c4                APBAHBPrescTable
 .rodata.str1.1
                0x080078d4       0x11 c:/program files (x86)/embitz/0.40/share/em_armgcc/bin/../lib/gcc/arm-none-eabi/4.8.4/../../../../arm-none-eabi/lib/armv7e-m/fpu\libg_n.a(lib_a-vfprintf.o)
 .rodata.str1.1
                0x080078e5       0x22 c:/program files (x86)/embitz/0.40/share/em_armgcc/bin/../lib/gcc/arm-none-eabi/4.8.4/../../../../arm-none-eabi/lib/armv7e-m/fpu\libg_n.a(lib_a-vfprintf_i.o)
 *fill*         0x08007907        0x1 
 .rodata.__sf_fake_stdin
                0x08007908       0x20 c:/program files (x86)/embitz/0.40/share/em_armgcc/bin/../lib/gcc/arm-none-eabi/4.8.4/../../../../arm-none-eabi/lib/armv7e-m/fpu\libg_n.a(lib_a-findfp.o)
                0x08007908                __sf_fake_stdin
 .rodata.__sf_fake_stdout
                0x08007928       0x20 c:/program files (x86)/embitz/0.40/share/em_armgcc/bin/../lib/gcc/arm-none-eabi/4.8.4/../../../../arm-none-eabi/lib/armv7e-m/fpu\libg_n.a(lib_a-findfp.o)
                0x08007928                __sf_fake_stdout
 .rodata.__sf_fake_stderr
                0x08007948       0x20 c:/program files (x86)/embitz/0.40/share/em_armgcc/bin/../lib/gcc/arm-none-eabi/4.8.4/../../../../arm-none-eabi/lib/armv7e-m/fpu\libg_n.a(lib_a-findfp.o)
                0x08007948                __sf_fake_stderr
 .rodata.str1.1
                0x08007968        0x2 c:/program files (x86)/embitz/0.40/share/em_armgcc/bin/../lib/gcc/arm-none-eabi/4.8.4/../../../../arm-none-eabi/lib/armv7e-m/fpu\libg_n.a(lib_a-impure.o)
 *fill*         0x0800796a        0x2 
 .rodata._global_impure_ptr
                0x0800796c        0x4 c:/program files (x86)/embitz/0.40/share/em_armgcc/bin/../lib/gcc/arm-none-eabi/4.8.4/../../../../arm-none-eabi/lib/armv7e-m/fpu\libg_n.a(lib_a-impure.o)
                0x0800796c                _global_impure_ptr
 *(.eh_frame*)

.glue_7         0x08007970        0x0
 .glue_7        0x00000000        0x0 linker stubs

.glue_7t        0x08007970        0x0
 .glue_7t       0x00000000        0x0 linker stubs

.vfp11_veneer   0x08007970        0x0
 .vfp11_veneer  0x00000000        0x0 linker stubs

.v4_bx          0x08007970        0x0
 .v4_bx         0x00000000        0x0 linker stubs

.iplt           0x08007970        0x0
 .iplt          0x00000000        0x0 obj\debug\smul64x64inasm.o

.ARM.extab
 *(.ARM.extab* .gnu.linkonce.armextab.*)
                0x08007970                __exidx_start = .

.ARM.exidx      0x08007970        0x8
 *(.ARM.exidx* .gnu.linkonce.armexidx.*)
 .ARM.exidx     0x08007970        0x8 c:/program files (x86)/embitz/0.40/share/em_armgcc/bin/../lib/gcc/arm-none-eabi/4.8.4/armv7e-m/fpu\libgcc.a(_divdi3.o)
 .ARM.exidx     0x08007978        0x0 c:/program files (x86)/embitz/0.40/share/em_armgcc/bin/../lib/gcc/arm-none-eabi/4.8.4/armv7e-m/fpu\libgcc.a(_udivdi3.o)
                                  0x8 (size before relaxing)
                0x08007978                __exidx_end = .
                0x08007978                __etext = .

.rel.dyn        0x08007978        0x0
 .rel.iplt      0x00000000        0x0 obj\debug\smul64x64inasm.o

.data           0x20000000       0xc0 load address 0x08007978
                0x20000000                __data_start__ = .
 *(vtable)
 *(.data*)
 .data.SpixTimeout
                0x20000000        0x4 ..\library.a(stm32f429i_discovery.o)
                0x20000000                SpixTimeout
 .data.BUTTON_PORT
                0x20000004        0x4 ..\library.a(stm32f429i_discovery.o)
                0x20000004                BUTTON_PORT
 .data.Font24   0x20000008        0x8 ..\library.a(stm32f429i_discovery_lcd.o)
                0x20000008                Font24
 .data.Font12   0x20000010        0x8 ..\library.a(stm32f429i_discovery_lcd.o)
                0x20000010                Font12
 .data.Font16   0x20000018        0x8 ..\library.a(stm32f429i_discovery_lcd.o)
                0x20000018                Font16
 .data.SystemCoreClock
                0x20000020        0x4 ..\library.a(system_stm32f4xx.o)
                0x20000020                SystemCoreClock
 .data.ili9341_drv
                0x20000024       0x38 ..\library.a(ili9341.o)
                0x20000024                ili9341_drv
 .data.impure_data
                0x2000005c       0x60 c:/program files (x86)/embitz/0.40/share/em_armgcc/bin/../lib/gcc/arm-none-eabi/4.8.4/../../../../arm-none-eabi/lib/armv7e-m/fpu\libg_n.a(lib_a-impure.o)
 .data._impure_ptr
                0x200000bc        0x4 c:/program files (x86)/embitz/0.40/share/em_armgcc/bin/../lib/gcc/arm-none-eabi/4.8.4/../../../../arm-none-eabi/lib/armv7e-m/fpu\libg_n.a(lib_a-impure.o)
                0x200000bc                _impure_ptr
                0x200000c0                . = ALIGN (0x4)
                0x200000c0                PROVIDE (__preinit_array_start, .)
 *(.preinit_array)
                0x200000c0                PROVIDE (__preinit_array_end, .)
                0x200000c0                . = ALIGN (0x4)
                0x200000c0                PROVIDE (__init_array_start, .)
 *(SORT(.init_array.*))
 *(.init_array)
                0x200000c0                PROVIDE (__init_array_end, .)
                0x200000c0                . = ALIGN (0x4)
                0x200000c0                PROVIDE (__fini_array_start, .)
 *(SORT(.fini_array.*))
 *(.fini_array)
                0x200000c0                PROVIDE (__fini_array_end, .)
                0x200000c0                . = ALIGN (0x4)
                0x200000c0                __data_end__ = .

.igot.plt       0x200000c0        0x0 load address 0x08007a38
 .igot.plt      0x00000000        0x0 obj\debug\smul64x64inasm.o

.bss            0x200000c0     0x3ec4 load address 0x08007a38
                0x200000c0                __bss_start__ = .
 *(.bss*)
 .bss.SpiHandle
                0x200000c0       0x58 ..\library.a(stm32f429i_discovery.o)
 .bss.Is_LCD_IO_Initialized
                0x20000118        0x1 ..\library.a(stm32f429i_discovery.o)
 *fill*         0x20000119        0x3 
 .bss.ActiveLayer
                0x2000011c        0x4 ..\library.a(stm32f429i_discovery_lcd.o)
 .bss.DrawProp  0x20000120       0x18 ..\library.a(stm32f429i_discovery_lcd.o)
 .bss.Dma2dHandler
                0x20000138       0x40 ..\library.a(stm32f429i_discovery_lcd.o)
 .bss.PeriphClkInitStruct
                0x20000178       0x30 ..\library.a(stm32f429i_discovery_lcd.o)
 .bss.LtdcHandler
                0x200001a8       0xa8 ..\library.a(stm32f429i_discovery_lcd.o)
 .bss.dmaHandle.10808
                0x20000250       0x50 ..\library.a(stm32f429i_discovery_sdram.o)
 .bss.Command   0x200002a0       0x10 ..\library.a(stm32f429i_discovery_sdram.o)
 .bss.Timing    0x200002b0       0x1c ..\library.a(stm32f429i_discovery_sdram.o)
 .bss.SdramHandle
                0x200002cc       0x34 ..\library.a(stm32f429i_discovery_sdram.o)
 .bss.uwTick    0x20000300        0x4 ..\library.a(stm32f4xx_hal.o)
 .bss.__malloc_sbrk_start
                0x20000304        0x4 c:/program files (x86)/embitz/0.40/share/em_armgcc/bin/../lib/gcc/arm-none-eabi/4.8.4/../../../../arm-none-eabi/lib/armv7e-m/fpu\libg_n.a(lib_a-nano-mallocr.o)
                0x20000304                __malloc_sbrk_start
 .bss.__malloc_free_list
                0x20000308        0x4 c:/program files (x86)/embitz/0.40/share/em_armgcc/bin/../lib/gcc/arm-none-eabi/4.8.4/../../../../arm-none-eabi/lib/armv7e-m/fpu\libg_n.a(lib_a-nano-mallocr.o)
                0x20000308                __malloc_free_list
 .bss           0x2000030c        0x4 c:/program files (x86)/embitz/0.40/share/em_armgcc/bin/../lib/gcc/arm-none-eabi/4.8.4/../../../../arm-none-eabi/lib/armv7e-m/fpu\libnosys_s.a(sbrk.o)
 *(COMMON)
 COMMON         0x20000310     0x3c6a ..\library.a(lcd_log.o)
                0x20000310                LCD_CacheBuffer_yptr_bottom_bak
                0x20000312                LCD_CacheBuffer_yptr_top_bak
                0x20000314                LCD_CacheBuffer_yptr_bottom
                0x20000316                LCD_CacheBuffer_xptr
                0x20000318                LCD_CacheBuffer_yptr_invert
                0x20000319                LCD_Lock
                0x2000031a                LCD_Scrolled
                0x2000031c                LCD_CacheBuffer_yptr_top
                0x2000031e                LCD_ScrollActive
                0x20000320                LCD_CacheBuffer
                0x20003f74                LCD_LineColor
                0x20003f78                LCD_ScrollBackStep
 *fill*         0x20003f7a        0x2 
 COMMON         0x20003f7c        0x4 ..\library.a(stm32f429i_discovery_lcd.o)
                0x20003f7c                LcdDrv
 COMMON         0x20003f80        0x4 c:/program files (x86)/embitz/0.40/share/em_armgcc/bin/../lib/gcc/arm-none-eabi/4.8.4/../../../../arm-none-eabi/lib/armv7e-m/fpu\libg_n.a(lib_a-reent.o)
                0x20003f80                errno
                0x20003f84                __bss_end__ = .

.heap           0x20003f88      0xc00
                0x20003f88                __end__ = .
                0x20003f88                end = __end__
 *(.heap*)
 .heap          0x20003f88      0xc00 ..\library.a(startup_stm32f429xx.o)
                0x20003f88                __HeapBase
                0x20004b88                __HeapLimit = .

.stack_dummy    0x20003f88      0x400
 *(.stack)
 .stack         0x20003f88      0x400 ..\library.a(startup_stm32f429xx.o)
                0x20030000                __StackTop = (ORIGIN (RAM) + 0x30000)
                0x2002fc00                __StackLimit = (__StackTop - SIZEOF (.stack_dummy))
                0x20030000                PROVIDE (__stack, __StackTop)
                0x00000001                ASSERT ((__StackLimit >= __HeapLimit), region RAM overflowed with stack)
LOAD obj\debug\smul64x64inasm.o
LOAD obj\debug\main.o
LOAD ..\library.a
START GROUP
LOAD c:/program files (x86)/embitz/0.40/share/em_armgcc/bin/../lib/gcc/arm-none-eabi/4.8.4/armv7e-m/fpu\libgcc.a
LOAD c:/program files (x86)/embitz/0.40/share/em_armgcc/bin/../lib/gcc/arm-none-eabi/4.8.4/../../../../arm-none-eabi/lib/armv7e-m/fpu\libg_n.a
LOAD c:/program files (x86)/embitz/0.40/share/em_armgcc/bin/../lib/gcc/arm-none-eabi/4.8.4/../../../../arm-none-eabi/lib/armv7e-m/fpu\libc_n.a
END GROUP
START GROUP
LOAD c:/program files (x86)/embitz/0.40/share/em_armgcc/bin/../lib/gcc/arm-none-eabi/4.8.4/armv7e-m/fpu\libgcc.a
LOAD c:/program files (x86)/embitz/0.40/share/em_armgcc/bin/../lib/gcc/arm-none-eabi/4.8.4/../../../../arm-none-eabi/lib/armv7e-m/fpu\libc_n.a
LOAD c:/program files (x86)/embitz/0.40/share/em_armgcc/bin/../lib/gcc/arm-none-eabi/4.8.4/../../../../arm-none-eabi/lib/armv7e-m/fpu\libnosys_s.a
END GROUP
OUTPUT(64x64_Signed_Integer_Multiplication.elf elf32-littlearm)

.ARM.attributes
                0x00000000       0x35
 .ARM.attributes
                0x00000000       0x1f obj\debug\smul64x64inasm.o
 .ARM.attributes
                0x0000001f       0x39 obj\debug\main.o
 .ARM.attributes
                0x00000058       0x39 ..\library.a(initialize.o)
 .ARM.attributes
                0x00000091       0x1f ..\library.a(startup_stm32f429xx.o)
 .ARM.attributes
                0x000000b0       0x39 ..\library.a(stm32f4xx_it.o)
 .ARM.attributes
                0x000000e9       0x39 ..\library.a(lcd_log.o)
 .ARM.attributes
                0x00000122       0x39 ..\library.a(stm32f429i_discovery.o)
 .ARM.attributes
                0x0000015b       0x39 ..\library.a(stm32f429i_discovery_lcd.o)
 .ARM.attributes
                0x00000194       0x39 ..\library.a(stm32f429i_discovery_sdram.o)
 .ARM.attributes
                0x000001cd       0x39 ..\library.a(system_stm32f4xx.o)
 .ARM.attributes
                0x00000206       0x39 ..\library.a(stm32f4xx_hal.o)
 .ARM.attributes
                0x0000023f       0x39 ..\library.a(stm32f4xx_hal_cortex.o)
 .ARM.attributes
                0x00000278       0x39 ..\library.a(stm32f4xx_hal_dma.o)
 .ARM.attributes
                0x000002b1       0x39 ..\library.a(stm32f4xx_hal_dma2d.o)
 .ARM.attributes
                0x000002ea       0x39 ..\library.a(stm32f4xx_hal_gpio.o)
 .ARM.attributes
                0x00000323       0x39 ..\library.a(stm32f4xx_hal_ltdc.o)
 .ARM.attributes
                0x0000035c       0x39 ..\library.a(stm32f4xx_hal_pwr_ex.o)
 .ARM.attributes
                0x00000395       0x39 ..\library.a(stm32f4xx_hal_rcc.o)
 .ARM.attributes
                0x000003ce       0x39 ..\library.a(stm32f4xx_hal_rcc_ex.o)
 .ARM.attributes
                0x00000407       0x39 ..\library.a(stm32f4xx_hal_sdram.o)
 .ARM.attributes
                0x00000440       0x39 ..\library.a(stm32f4xx_hal_spi.o)
 .ARM.attributes
                0x00000479       0x39 ..\library.a(stm32f4xx_ll_fmc.o)
 .ARM.attributes
                0x000004b2       0x39 ..\library.a(ili9341.o)
 .ARM.attributes
                0x000004eb       0x22 c:/program files (x86)/embitz/0.40/share/em_armgcc/bin/../lib/gcc/arm-none-eabi/4.8.4/armv7e-m/fpu\libgcc.a(_aeabi_ldivmod.o)
 .ARM.attributes
                0x0000050d       0x34 c:/program files (x86)/embitz/0.40/share/em_armgcc/bin/../lib/gcc/arm-none-eabi/4.8.4/armv7e-m/fpu\libgcc.a(bpabi.o)
 .ARM.attributes
                0x00000541       0x22 c:/program files (x86)/embitz/0.40/share/em_armgcc/bin/../lib/gcc/arm-none-eabi/4.8.4/armv7e-m/fpu\libgcc.a(_dvmd_tls.o)
 .ARM.attributes
                0x00000563       0x34 c:/program files (x86)/embitz/0.40/share/em_armgcc/bin/../lib/gcc/arm-none-eabi/4.8.4/armv7e-m/fpu\libgcc.a(_divdi3.o)
 .ARM.attributes
                0x00000597       0x34 c:/program files (x86)/embitz/0.40/share/em_armgcc/bin/../lib/gcc/arm-none-eabi/4.8.4/armv7e-m/fpu\libgcc.a(_udivdi3.o)
 .ARM.attributes
                0x000005cb       0x34 c:/program files (x86)/embitz/0.40/share/em_armgcc/bin/../lib/gcc/arm-none-eabi/4.8.4/../../../../arm-none-eabi/lib/armv7e-m/fpu\libg_n.a(lib_a-printf.o)
 .ARM.attributes
                0x000005ff       0x34 c:/program files (x86)/embitz/0.40/share/em_armgcc/bin/../lib/gcc/arm-none-eabi/4.8.4/../../../../arm-none-eabi/lib/armv7e-m/fpu\libg_n.a(lib_a-putchar.o)
 .ARM.attributes
                0x00000633       0x34 c:/program files (x86)/embitz/0.40/share/em_armgcc/bin/../lib/gcc/arm-none-eabi/4.8.4/../../../../arm-none-eabi/lib/armv7e-m/fpu\libg_n.a(lib_a-puts.o)
 .ARM.attributes
                0x00000667       0x34 c:/program files (x86)/embitz/0.40/share/em_armgcc/bin/../lib/gcc/arm-none-eabi/4.8.4/../../../../arm-none-eabi/lib/armv7e-m/fpu\libg_n.a(lib_a-strchr.o)
 .ARM.attributes
                0x0000069b       0x34 c:/program files (x86)/embitz/0.40/share/em_armgcc/bin/../lib/gcc/arm-none-eabi/4.8.4/../../../../arm-none-eabi/lib/armv7e-m/fpu\libg_n.a(lib_a-strcpy.o)
 .ARM.attributes
                0x000006cf       0x34 c:/program files (x86)/embitz/0.40/share/em_armgcc/bin/../lib/gcc/arm-none-eabi/4.8.4/../../../../arm-none-eabi/lib/armv7e-m/fpu\libg_n.a(lib_a-vfprintf.o)
 .ARM.attributes
                0x00000703       0x34 c:/program files (x86)/embitz/0.40/share/em_armgcc/bin/../lib/gcc/arm-none-eabi/4.8.4/../../../../arm-none-eabi/lib/armv7e-m/fpu\libg_n.a(lib_a-vfprintf_i.o)
 .ARM.attributes
                0x00000737       0x34 c:/program files (x86)/embitz/0.40/share/em_armgcc/bin/../lib/gcc/arm-none-eabi/4.8.4/../../../../arm-none-eabi/lib/armv7e-m/fpu\libg_n.a(lib_a-wbuf.o)
 .ARM.attributes
                0x0000076b       0x34 c:/program files (x86)/embitz/0.40/share/em_armgcc/bin/../lib/gcc/arm-none-eabi/4.8.4/../../../../arm-none-eabi/lib/armv7e-m/fpu\libg_n.a(lib_a-wsetup.o)
 .ARM.attributes
                0x0000079f       0x34 c:/program files (x86)/embitz/0.40/share/em_armgcc/bin/../lib/gcc/arm-none-eabi/4.8.4/../../../../arm-none-eabi/lib/armv7e-m/fpu\libg_n.a(lib_a-fflush.o)
 .ARM.attributes
                0x000007d3       0x34 c:/program files (x86)/embitz/0.40/share/em_armgcc/bin/../lib/gcc/arm-none-eabi/4.8.4/../../../../arm-none-eabi/lib/armv7e-m/fpu\libg_n.a(lib_a-findfp.o)
 .ARM.attributes
                0x00000807       0x34 c:/program files (x86)/embitz/0.40/share/em_armgcc/bin/../lib/gcc/arm-none-eabi/4.8.4/../../../../arm-none-eabi/lib/armv7e-m/fpu\libg_n.a(lib_a-impure.o)
 .ARM.attributes
                0x0000083b       0x34 c:/program files (x86)/embitz/0.40/share/em_armgcc/bin/../lib/gcc/arm-none-eabi/4.8.4/../../../../arm-none-eabi/lib/armv7e-m/fpu\libg_n.a(lib_a-makebuf.o)
 .ARM.attributes
                0x0000086f       0x34 c:/program files (x86)/embitz/0.40/share/em_armgcc/bin/../lib/gcc/arm-none-eabi/4.8.4/../../../../arm-none-eabi/lib/armv7e-m/fpu\libg_n.a(lib_a-memchr-stub.o)
 .ARM.attributes
                0x000008a3       0x34 c:/program files (x86)/embitz/0.40/share/em_armgcc/bin/../lib/gcc/arm-none-eabi/4.8.4/../../../../arm-none-eabi/lib/armv7e-m/fpu\libg_n.a(lib_a-memset.o)
 .ARM.attributes
                0x000008d7       0x34 c:/program files (x86)/embitz/0.40/share/em_armgcc/bin/../lib/gcc/arm-none-eabi/4.8.4/../../../../arm-none-eabi/lib/armv7e-m/fpu\libg_n.a(lib_a-nano-freer.o)
 .ARM.attributes
                0x0000090b       0x34 c:/program files (x86)/embitz/0.40/share/em_armgcc/bin/../lib/gcc/arm-none-eabi/4.8.4/../../../../arm-none-eabi/lib/armv7e-m/fpu\libg_n.a(lib_a-nano-mallocr.o)
 .ARM.attributes
                0x0000093f       0x34 c:/program files (x86)/embitz/0.40/share/em_armgcc/bin/../lib/gcc/arm-none-eabi/4.8.4/../../../../arm-none-eabi/lib/armv7e-m/fpu\libg_n.a(lib_a-putc.o)
 .ARM.attributes
                0x00000973       0x34 c:/program files (x86)/embitz/0.40/share/em_armgcc/bin/../lib/gcc/arm-none-eabi/4.8.4/../../../../arm-none-eabi/lib/armv7e-m/fpu\libg_n.a(lib_a-sbrkr.o)
 .ARM.attributes
                0x000009a7       0x34 c:/program files (x86)/embitz/0.40/share/em_armgcc/bin/../lib/gcc/arm-none-eabi/4.8.4/../../../../arm-none-eabi/lib/armv7e-m/fpu\libg_n.a(lib_a-stdio.o)
 .ARM.attributes
                0x000009db       0x34 c:/program files (x86)/embitz/0.40/share/em_armgcc/bin/../lib/gcc/arm-none-eabi/4.8.4/../../../../arm-none-eabi/lib/armv7e-m/fpu\libg_n.a(lib_a-strlen.o)
 .ARM.attributes
                0x00000a0f       0x34 c:/program files (x86)/embitz/0.40/share/em_armgcc/bin/../lib/gcc/arm-none-eabi/4.8.4/../../../../arm-none-eabi/lib/armv7e-m/fpu\libg_n.a(lib_a-writer.o)
 .ARM.attributes
                0x00000a43       0x34 c:/program files (x86)/embitz/0.40/share/em_armgcc/bin/../lib/gcc/arm-none-eabi/4.8.4/../../../../arm-none-eabi/lib/armv7e-m/fpu\libg_n.a(lib_a-closer.o)
 .ARM.attributes
                0x00000a77       0x34 c:/program files (x86)/embitz/0.40/share/em_armgcc/bin/../lib/gcc/arm-none-eabi/4.8.4/../../../../arm-none-eabi/lib/armv7e-m/fpu\libg_n.a(lib_a-fstatr.o)
 .ARM.attributes
                0x00000aab       0x34 c:/program files (x86)/embitz/0.40/share/em_armgcc/bin/../lib/gcc/arm-none-eabi/4.8.4/../../../../arm-none-eabi/lib/armv7e-m/fpu\libg_n.a(lib_a-isattyr.o)
 .ARM.attributes
                0x00000adf       0x34 c:/program files (x86)/embitz/0.40/share/em_armgcc/bin/../lib/gcc/arm-none-eabi/4.8.4/../../../../arm-none-eabi/lib/armv7e-m/fpu\libg_n.a(lib_a-lseekr.o)
 .ARM.attributes
                0x00000b13       0x34 c:/program files (x86)/embitz/0.40/share/em_armgcc/bin/../lib/gcc/arm-none-eabi/4.8.4/../../../../arm-none-eabi/lib/armv7e-m/fpu\libg_n.a(lib_a-readr.o)
 .ARM.attributes
                0x00000b47       0x34 c:/program files (x86)/embitz/0.40/share/em_armgcc/bin/../lib/gcc/arm-none-eabi/4.8.4/../../../../arm-none-eabi/lib/armv7e-m/fpu\libg_n.a(lib_a-reent.o)
 .ARM.attributes
                0x00000b7b       0x34 c:/program files (x86)/embitz/0.40/share/em_armgcc/bin/../lib/gcc/arm-none-eabi/4.8.4/../../../../arm-none-eabi/lib/armv7e-m/fpu\libnosys_s.a(close.o)
 .ARM.attributes
                0x00000baf       0x34 c:/program files (x86)/embitz/0.40/share/em_armgcc/bin/../lib/gcc/arm-none-eabi/4.8.4/../../../../arm-none-eabi/lib/armv7e-m/fpu\libnosys_s.a(fstat.o)
 .ARM.attributes
                0x00000be3       0x34 c:/program files (x86)/embitz/0.40/share/em_armgcc/bin/../lib/gcc/arm-none-eabi/4.8.4/../../../../arm-none-eabi/lib/armv7e-m/fpu\libnosys_s.a(isatty.o)
 .ARM.attributes
                0x00000c17       0x34 c:/program files (x86)/embitz/0.40/share/em_armgcc/bin/../lib/gcc/arm-none-eabi/4.8.4/../../../../arm-none-eabi/lib/armv7e-m/fpu\libnosys_s.a(lseek.o)
 .ARM.attributes
                0x00000c4b       0x34 c:/program files (x86)/embitz/0.40/share/em_armgcc/bin/../lib/gcc/arm-none-eabi/4.8.4/../../../../arm-none-eabi/lib/armv7e-m/fpu\libnosys_s.a(read.o)
 .ARM.attributes
                0x00000c7f       0x34 c:/program files (x86)/embitz/0.40/share/em_armgcc/bin/../lib/gcc/arm-none-eabi/4.8.4/../../../../arm-none-eabi/lib/armv7e-m/fpu\libnosys_s.a(sbrk.o)

.comment        0x00000000       0x46
 .comment       0x00000000       0x46 obj\debug\main.o
                                 0x47 (size before relaxing)
 .comment       0x00000000       0x47 ..\library.a(initialize.o)
 .comment       0x00000000       0x47 ..\library.a(stm32f4xx_it.o)
 .comment       0x00000000       0x47 ..\library.a(lcd_log.o)
 .comment       0x00000000       0x47 ..\library.a(stm32f429i_discovery.o)
 .comment       0x00000000       0x47 ..\library.a(stm32f429i_discovery_lcd.o)
 .comment       0x00000000       0x47 ..\library.a(stm32f429i_discovery_sdram.o)
 .comment       0x00000000       0x47 ..\library.a(system_stm32f4xx.o)
 .comment       0x00000000       0x47 ..\library.a(stm32f4xx_hal.o)
 .comment       0x00000000       0x47 ..\library.a(stm32f4xx_hal_cortex.o)
 .comment       0x00000000       0x47 ..\library.a(stm32f4xx_hal_dma.o)
 .comment       0x00000000       0x47 ..\library.a(stm32f4xx_hal_dma2d.o)
 .comment       0x00000000       0x47 ..\library.a(stm32f4xx_hal_gpio.o)
 .comment       0x00000000       0x47 ..\library.a(stm32f4xx_hal_ltdc.o)
 .comment       0x00000000       0x47 ..\library.a(stm32f4xx_hal_pwr_ex.o)
 .comment       0x00000000       0x47 ..\library.a(stm32f4xx_hal_rcc.o)
 .comment       0x00000000       0x47 ..\library.a(stm32f4xx_hal_rcc_ex.o)
 .comment       0x00000000       0x47 ..\library.a(stm32f4xx_hal_sdram.o)
 .comment       0x00000000       0x47 ..\library.a(stm32f4xx_hal_spi.o)
 .comment       0x00000000       0x47 ..\library.a(stm32f4xx_ll_fmc.o)
 .comment       0x00000000       0x47 ..\library.a(ili9341.o)

.debug_line     0x00000000      0x339
 .debug_line    0x00000000       0x4b obj\debug\smul64x64inasm.o
 .debug_line    0x0000004b      0x2ee obj\debug\main.o

.debug_info     0x00000000      0x577
 .debug_info    0x00000000       0x82 obj\debug\smul64x64inasm.o
 .debug_info    0x00000082      0x4f5 obj\debug\main.o

.debug_abbrev   0x00000000      0x1ff
 .debug_abbrev  0x00000000       0x14 obj\debug\smul64x64inasm.o
 .debug_abbrev  0x00000014      0x1eb obj\debug\main.o

.debug_aranges  0x00000000       0x58
 .debug_aranges
                0x00000000       0x20 obj\debug\smul64x64inasm.o
 .debug_aranges
                0x00000020       0x38 obj\debug\main.o

.debug_loc      0x00000000      0x1de
 .debug_loc     0x00000000      0x1de obj\debug\main.o

.debug_ranges   0x00000000       0x28
 .debug_ranges  0x00000000       0x28 obj\debug\main.o

.debug_macro    0x00000000     0x1389
 .debug_macro   0x00000000      0x119 obj\debug\main.o
 .debug_macro   0x00000119      0x87a obj\debug\main.o
 .debug_macro   0x00000993       0x58 obj\debug\main.o
 .debug_macro   0x000009eb       0x16 obj\debug\main.o
 .debug_macro   0x00000a01       0x35 obj\debug\main.o
 .debug_macro   0x00000a36       0xa2 obj\debug\main.o
 .debug_macro   0x00000ad8       0x16 obj\debug\main.o
 .debug_macro   0x00000aee       0x97 obj\debug\main.o
 .debug_macro   0x00000b85       0x10 obj\debug\main.o
 .debug_macro   0x00000b95       0xef obj\debug\main.o
 .debug_macro   0x00000c84       0x4a obj\debug\main.o
 .debug_macro   0x00000cce       0x52 obj\debug\main.o
 .debug_macro   0x00000d20       0x16 obj\debug\main.o
 .debug_macro   0x00000d36       0x43 obj\debug\main.o
 .debug_macro   0x00000d79      0x180 obj\debug\main.o
 .debug_macro   0x00000ef9       0x10 obj\debug\main.o
 .debug_macro   0x00000f09       0x22 obj\debug\main.o
 .debug_macro   0x00000f2b       0xbd obj\debug\main.o
 .debug_macro   0x00000fe8       0x16 obj\debug\main.o
 .debug_macro   0x00000ffe      0x16c obj\debug\main.o
 .debug_macro   0x0000116a      0x20f obj\debug\main.o
 .debug_macro   0x00001379       0x10 obj\debug\main.o

.debug_str      0x00000000     0x5045
 .debug_str     0x00000000     0x5045 obj\debug\main.o
                               0x5225 (size before relaxing)

.debug_frame    0x00000000      0x940
 .debug_frame   0x00000000       0x84 obj\debug\main.o
 .debug_frame   0x00000084       0x50 c:/program files (x86)/embitz/0.40/share/em_armgcc/bin/../lib/gcc/arm-none-eabi/4.8.4/armv7e-m/fpu\libgcc.a(bpabi.o)
 .debug_frame   0x000000d4       0x34 c:/program files (x86)/embitz/0.40/share/em_armgcc/bin/../lib/gcc/arm-none-eabi/4.8.4/armv7e-m/fpu\libgcc.a(_divdi3.o)
 .debug_frame   0x00000108       0x34 c:/program files (x86)/embitz/0.40/share/em_armgcc/bin/../lib/gcc/arm-none-eabi/4.8.4/armv7e-m/fpu\libgcc.a(_udivdi3.o)
 .debug_frame   0x0000013c       0x60 c:/program files (x86)/embitz/0.40/share/em_armgcc/bin/../lib/gcc/arm-none-eabi/4.8.4/../../../../arm-none-eabi/lib/armv7e-m/fpu\libg_n.a(lib_a-printf.o)
 .debug_frame   0x0000019c       0x48 c:/program files (x86)/embitz/0.40/share/em_armgcc/bin/../lib/gcc/arm-none-eabi/4.8.4/../../../../arm-none-eabi/lib/armv7e-m/fpu\libg_n.a(lib_a-putchar.o)
 .debug_frame   0x000001e4       0x3c c:/program files (x86)/embitz/0.40/share/em_armgcc/bin/../lib/gcc/arm-none-eabi/4.8.4/../../../../arm-none-eabi/lib/armv7e-m/fpu\libg_n.a(lib_a-puts.o)
 .debug_frame   0x00000220       0x20 c:/program files (x86)/embitz/0.40/share/em_armgcc/bin/../lib/gcc/arm-none-eabi/4.8.4/../../../../arm-none-eabi/lib/armv7e-m/fpu\libg_n.a(lib_a-strchr.o)
 .debug_frame   0x00000240       0x20 c:/program files (x86)/embitz/0.40/share/em_armgcc/bin/../lib/gcc/arm-none-eabi/4.8.4/../../../../arm-none-eabi/lib/armv7e-m/fpu\libg_n.a(lib_a-strcpy.o)
 .debug_frame   0x00000260       0xa8 c:/program files (x86)/embitz/0.40/share/em_armgcc/bin/../lib/gcc/arm-none-eabi/4.8.4/../../../../arm-none-eabi/lib/armv7e-m/fpu\libg_n.a(lib_a-vfprintf.o)
 .debug_frame   0x00000308       0x60 c:/program files (x86)/embitz/0.40/share/em_armgcc/bin/../lib/gcc/arm-none-eabi/4.8.4/../../../../arm-none-eabi/lib/armv7e-m/fpu\libg_n.a(lib_a-vfprintf_i.o)
 .debug_frame   0x00000368       0x3c c:/program files (x86)/embitz/0.40/share/em_armgcc/bin/../lib/gcc/arm-none-eabi/4.8.4/../../../../arm-none-eabi/lib/armv7e-m/fpu\libg_n.a(lib_a-wbuf.o)
 .debug_frame   0x000003a4       0x2c c:/program files (x86)/embitz/0.40/share/em_armgcc/bin/../lib/gcc/arm-none-eabi/4.8.4/../../../../arm-none-eabi/lib/armv7e-m/fpu\libg_n.a(lib_a-wsetup.o)
 .debug_frame   0x000003d0       0x5c c:/program files (x86)/embitz/0.40/share/em_armgcc/bin/../lib/gcc/arm-none-eabi/4.8.4/../../../../arm-none-eabi/lib/armv7e-m/fpu\libg_n.a(lib_a-fflush.o)
 .debug_frame   0x0000042c      0x12c c:/program files (x86)/embitz/0.40/share/em_armgcc/bin/../lib/gcc/arm-none-eabi/4.8.4/../../../../arm-none-eabi/lib/armv7e-m/fpu\libg_n.a(lib_a-findfp.o)
 .debug_frame   0x00000558       0x30 c:/program files (x86)/embitz/0.40/share/em_armgcc/bin/../lib/gcc/arm-none-eabi/4.8.4/../../../../arm-none-eabi/lib/armv7e-m/fpu\libg_n.a(lib_a-makebuf.o)
 .debug_frame   0x00000588       0x28 c:/program files (x86)/embitz/0.40/share/em_armgcc/bin/../lib/gcc/arm-none-eabi/4.8.4/../../../../arm-none-eabi/lib/armv7e-m/fpu\libg_n.a(lib_a-memchr-stub.o)
 .debug_frame   0x000005b0       0x20 c:/program files (x86)/embitz/0.40/share/em_armgcc/bin/../lib/gcc/arm-none-eabi/4.8.4/../../../../arm-none-eabi/lib/armv7e-m/fpu\libg_n.a(lib_a-memset.o)
 .debug_frame   0x000005d0       0x2c c:/program files (x86)/embitz/0.40/share/em_armgcc/bin/../lib/gcc/arm-none-eabi/4.8.4/../../../../arm-none-eabi/lib/armv7e-m/fpu\libg_n.a(lib_a-nano-freer.o)
 .debug_frame   0x000005fc       0x2c c:/program files (x86)/embitz/0.40/share/em_armgcc/bin/../lib/gcc/arm-none-eabi/4.8.4/../../../../arm-none-eabi/lib/armv7e-m/fpu\libg_n.a(lib_a-nano-mallocr.o)
 .debug_frame   0x00000628       0x3c c:/program files (x86)/embitz/0.40/share/em_armgcc/bin/../lib/gcc/arm-none-eabi/4.8.4/../../../../arm-none-eabi/lib/armv7e-m/fpu\libg_n.a(lib_a-putc.o)
 .debug_frame   0x00000664       0x2c c:/program files (x86)/embitz/0.40/share/em_armgcc/bin/../lib/gcc/arm-none-eabi/4.8.4/../../../../arm-none-eabi/lib/armv7e-m/fpu\libg_n.a(lib_a-sbrkr.o)
 .debug_frame   0x00000690       0x80 c:/program files (x86)/embitz/0.40/share/em_armgcc/bin/../lib/gcc/arm-none-eabi/4.8.4/../../../../arm-none-eabi/lib/armv7e-m/fpu\libg_n.a(lib_a-stdio.o)
 .debug_frame   0x00000710       0x20 c:/program files (x86)/embitz/0.40/share/em_armgcc/bin/../lib/gcc/arm-none-eabi/4.8.4/../../../../arm-none-eabi/lib/armv7e-m/fpu\libg_n.a(lib_a-strlen.o)
 .debug_frame   0x00000730       0x2c c:/program files (x86)/embitz/0.40/share/em_armgcc/bin/../lib/gcc/arm-none-eabi/4.8.4/../../../../arm-none-eabi/lib/armv7e-m/fpu\libg_n.a(lib_a-writer.o)
 .debug_frame   0x0000075c       0x2c c:/program files (x86)/embitz/0.40/share/em_armgcc/bin/../lib/gcc/arm-none-eabi/4.8.4/../../../../arm-none-eabi/lib/armv7e-m/fpu\libg_n.a(lib_a-closer.o)
 .debug_frame   0x00000788       0x2c c:/program files (x86)/embitz/0.40/share/em_armgcc/bin/../lib/gcc/arm-none-eabi/4.8.4/../../../../arm-none-eabi/lib/armv7e-m/fpu\libg_n.a(lib_a-fstatr.o)
 .debug_frame   0x000007b4       0x2c c:/program files (x86)/embitz/0.40/share/em_armgcc/bin/../lib/gcc/arm-none-eabi/4.8.4/../../../../arm-none-eabi/lib/armv7e-m/fpu\libg_n.a(lib_a-isattyr.o)
 .debug_frame   0x000007e0       0x2c c:/program files (x86)/embitz/0.40/share/em_armgcc/bin/../lib/gcc/arm-none-eabi/4.8.4/../../../../arm-none-eabi/lib/armv7e-m/fpu\libg_n.a(lib_a-lseekr.o)
 .debug_frame   0x0000080c       0x2c c:/program files (x86)/embitz/0.40/share/em_armgcc/bin/../lib/gcc/arm-none-eabi/4.8.4/../../../../arm-none-eabi/lib/armv7e-m/fpu\libg_n.a(lib_a-readr.o)
 .debug_frame   0x00000838       0x48 c:/program files (x86)/embitz/0.40/share/em_armgcc/bin/../lib/gcc/arm-none-eabi/4.8.4/../../../../arm-none-eabi/lib/armv7e-m/fpu\libg_n.a(lib_a-reent.o)
 .debug_frame   0x00000880       0x20 c:/program files (x86)/embitz/0.40/share/em_armgcc/bin/../lib/gcc/arm-none-eabi/4.8.4/../../../../arm-none-eabi/lib/armv7e-m/fpu\libnosys_s.a(close.o)
 .debug_frame   0x000008a0       0x20 c:/program files (x86)/embitz/0.40/share/em_armgcc/bin/../lib/gcc/arm-none-eabi/4.8.4/../../../../arm-none-eabi/lib/armv7e-m/fpu\libnosys_s.a(fstat.o)
 .debug_frame   0x000008c0       0x20 c:/program files (x86)/embitz/0.40/share/em_armgcc/bin/../lib/gcc/arm-none-eabi/4.8.4/../../../../arm-none-eabi/lib/armv7e-m/fpu\libnosys_s.a(isatty.o)
 .debug_frame   0x000008e0       0x20 c:/program files (x86)/embitz/0.40/share/em_armgcc/bin/../lib/gcc/arm-none-eabi/4.8.4/../../../../arm-none-eabi/lib/armv7e-m/fpu\libnosys_s.a(lseek.o)
 .debug_frame   0x00000900       0x20 c:/program files (x86)/embitz/0.40/share/em_armgcc/bin/../lib/gcc/arm-none-eabi/4.8.4/../../../../arm-none-eabi/lib/armv7e-m/fpu\libnosys_s.a(read.o)
 .debug_frame   0x00000920       0x20 c:/program files (x86)/embitz/0.40/share/em_armgcc/bin/../lib/gcc/arm-none-eabi/4.8.4/../../../../arm-none-eabi/lib/armv7e-m/fpu\libnosys_s.a(sbrk.o)

.stab           0x00000000       0x84
 .stab          0x00000000       0x24 c:/program files (x86)/embitz/0.40/share/em_armgcc/bin/../lib/gcc/arm-none-eabi/4.8.4/../../../../arm-none-eabi/lib/armv7e-m/fpu\libnosys_s.a(close.o)
 .stab          0x00000024       0x18 c:/program files (x86)/embitz/0.40/share/em_armgcc/bin/../lib/gcc/arm-none-eabi/4.8.4/../../../../arm-none-eabi/lib/armv7e-m/fpu\libnosys_s.a(fstat.o)
                                 0x24 (size before relaxing)
 .stab          0x0000003c       0x18 c:/program files (x86)/embitz/0.40/share/em_armgcc/bin/../lib/gcc/arm-none-eabi/4.8.4/../../../../arm-none-eabi/lib/armv7e-m/fpu\libnosys_s.a(isatty.o)
                                 0x24 (size before relaxing)
 .stab          0x00000054       0x18 c:/program files (x86)/embitz/0.40/share/em_armgcc/bin/../lib/gcc/arm-none-eabi/4.8.4/../../../../arm-none-eabi/lib/armv7e-m/fpu\libnosys_s.a(lseek.o)
                                 0x24 (size before relaxing)
 .stab          0x0000006c       0x18 c:/program files (x86)/embitz/0.40/share/em_armgcc/bin/../lib/gcc/arm-none-eabi/4.8.4/../../../../arm-none-eabi/lib/armv7e-m/fpu\libnosys_s.a(read.o)
                                 0x24 (size before relaxing)

.stabstr        0x00000000      0x117
 .stabstr       0x00000000      0x117 c:/program files (x86)/embitz/0.40/share/em_armgcc/bin/../lib/gcc/arm-none-eabi/4.8.4/../../../../arm-none-eabi/lib/armv7e-m/fpu\libnosys_s.a(close.o)
