Archive member included because of file (symbol)

..\library.a(initialize.o)    obj\debug\main.o (InitializeHardware)
..\library.a(startup_stm32f429xx.o)
                              ..\library.a(initialize.o) (Reset_Handler)
..\library.a(stm32f4xx_it.o)  ..\library.a(initialize.o) (IncludeThis)
..\library.a(lcd_log.o)       ..\library.a(initialize.o) (LCD_LOG_Init)
..\library.a(stm32f429i_discovery.o)
                              ..\library.a(initialize.o) (BSP_PB_Init)
..\library.a(stm32f429i_discovery_lcd.o)
                              ..\library.a(initialize.o) (BSP_LCD_Init)
..\library.a(stm32f429i_discovery_sdram.o)
                              ..\library.a(stm32f429i_discovery_lcd.o) (BSP_SDRAM_Init)
..\library.a(system_stm32f4xx.o)
                              ..\library.a(startup_stm32f429xx.o) (SystemInit)
..\library.a(stm32f4xx_hal.o)
                              ..\library.a(initialize.o) (HAL_Init)
..\library.a(stm32f4xx_hal_cortex.o)
                              ..\library.a(stm32f4xx_hal.o) (HAL_NVIC_SetPriorityGrouping)
..\library.a(stm32f4xx_hal_dma.o)
                              ..\library.a(stm32f429i_discovery_sdram.o) (HAL_DMA_Init)
..\library.a(stm32f4xx_hal_dma2d.o)
                              ..\library.a(stm32f429i_discovery_lcd.o) (HAL_DMA2D_Init)
..\library.a(stm32f4xx_hal_gpio.o)
                              ..\library.a(stm32f429i_discovery.o) (HAL_GPIO_Init)
..\library.a(stm32f4xx_hal_i2c.o)
                              ..\library.a(stm32f429i_discovery.o) (HAL_I2C_Init)
..\library.a(stm32f4xx_hal_ltdc.o)
                              ..\library.a(stm32f429i_discovery_lcd.o) (HAL_LTDC_Init)
..\library.a(stm32f4xx_hal_pwr_ex.o)
                              ..\library.a(initialize.o) (HAL_PWREx_EnableOverDrive)
..\library.a(stm32f4xx_hal_rcc.o)
                              ..\library.a(initialize.o) (HAL_RCC_OscConfig)
..\library.a(stm32f4xx_hal_rcc_ex.o)
                              ..\library.a(stm32f429i_discovery_lcd.o) (HAL_RCCEx_PeriphCLKConfig)
..\library.a(stm32f4xx_hal_sdram.o)
                              ..\library.a(stm32f429i_discovery_sdram.o) (HAL_SDRAM_Init)
..\library.a(stm32f4xx_hal_spi.o)
                              ..\library.a(stm32f429i_discovery.o) (HAL_SPI_Init)
..\library.a(stm32f4xx_ll_fmc.o)
                              ..\library.a(stm32f4xx_hal_sdram.o) (FMC_SDRAM_Init)
..\library.a(ili9341.o)       ..\library.a(stm32f429i_discovery_lcd.o) (ili9341_drv)
c:/program files (x86)/embitz/0.40/share/em_armgcc/bin/../lib/gcc/arm-none-eabi/4.8.4/../../../../arm-none-eabi/lib/armv7e-m/fpu\libg_n.a(lib_a-printf.o)
                              obj\debug\main.o (printf)
c:/program files (x86)/embitz/0.40/share/em_armgcc/bin/../lib/gcc/arm-none-eabi/4.8.4/../../../../arm-none-eabi/lib/armv7e-m/fpu\libg_n.a(lib_a-putchar.o)
                              obj\debug\main.o (putchar)
c:/program files (x86)/embitz/0.40/share/em_armgcc/bin/../lib/gcc/arm-none-eabi/4.8.4/../../../../arm-none-eabi/lib/armv7e-m/fpu\libg_n.a(lib_a-puts.o)
                              obj\debug\main.o (puts)
c:/program files (x86)/embitz/0.40/share/em_armgcc/bin/../lib/gcc/arm-none-eabi/4.8.4/../../../../arm-none-eabi/lib/armv7e-m/fpu\libg_n.a(lib_a-strchr.o)
                              ..\library.a(initialize.o) (strchr)
c:/program files (x86)/embitz/0.40/share/em_armgcc/bin/../lib/gcc/arm-none-eabi/4.8.4/../../../../arm-none-eabi/lib/armv7e-m/fpu\libg_n.a(lib_a-strcpy.o)
                              ..\library.a(initialize.o) (strcpy)
c:/program files (x86)/embitz/0.40/share/em_armgcc/bin/../lib/gcc/arm-none-eabi/4.8.4/../../../../arm-none-eabi/lib/armv7e-m/fpu\libg_n.a(lib_a-vfprintf.o)
                              c:/program files (x86)/embitz/0.40/share/em_armgcc/bin/../lib/gcc/arm-none-eabi/4.8.4/../../../../arm-none-eabi/lib/armv7e-m/fpu\libg_n.a(lib_a-printf.o) (_vfprintf_r)
c:/program files (x86)/embitz/0.40/share/em_armgcc/bin/../lib/gcc/arm-none-eabi/4.8.4/../../../../arm-none-eabi/lib/armv7e-m/fpu\libg_n.a(lib_a-vfprintf_i.o)
                              c:/program files (x86)/embitz/0.40/share/em_armgcc/bin/../lib/gcc/arm-none-eabi/4.8.4/../../../../arm-none-eabi/lib/armv7e-m/fpu\libg_n.a(lib_a-vfprintf.o) (_printf_i)
c:/program files (x86)/embitz/0.40/share/em_armgcc/bin/../lib/gcc/arm-none-eabi/4.8.4/../../../../arm-none-eabi/lib/armv7e-m/fpu\libg_n.a(lib_a-wbuf.o)
                              c:/program files (x86)/embitz/0.40/share/em_armgcc/bin/../lib/gcc/arm-none-eabi/4.8.4/../../../../arm-none-eabi/lib/armv7e-m/fpu\libg_n.a(lib_a-puts.o) (__swbuf_r)
c:/program files (x86)/embitz/0.40/share/em_armgcc/bin/../lib/gcc/arm-none-eabi/4.8.4/../../../../arm-none-eabi/lib/armv7e-m/fpu\libg_n.a(lib_a-wsetup.o)
[...]
Memory Configuration

Name             Origin             Length             Attributes
ROM              0x08000000         0x00200000         xr
RAM              0x20000000         0x00030000         xrw
CCRAM            0x10000000         0x00010000         xrw
*default*        0x00000000         0xffffffff

Linker script and memory map

                0x00000200                __HEAP_SIZE = 0x200
                0x00000400                __STACK_SIZE = 0x400

.text           0x08000000     0x72f4
 *(.isr_vector)
 .isr_vector    0x08000000      0x1ac ..\library.a(startup_stm32f429xx.o)
                0x08000000                __isr_vector
 *(.text*)
 .text.BFI      0x080001ac       0x24 obj\debug\main.o
                0x080001ac                BFI
 .text.startup.main
                0x080001d0       0xcc obj\debug\main.o
                0x080001d0                main
 .text          0x0800029c       0x44 obj\debug\bitfieldinsert.o
                0x0800029c                BitFieldInsert
 .text.InitializeHardware
                0x080002e0      0x108 ..\library.a(initialize.o)
                0x080002e0                InitializeHardware
 .text.WaitForPushButton
                0x080003e8       0x18 ..\library.a(initialize.o)
                0x080003e8                WaitForPushButton
 .text.ClearDisplay
                0x08000400        0x4 ..\library.a(initialize.o)
                0x08000400                ClearDisplay
 .text.GetClockCycleCount
                0x08000404        0xc ..\library.a(initialize.o)
                0x08000404                GetClockCycleCount
 .text          0x08000410      0x118 ..\library.a(startup_stm32f429xx.o)
                0x08000410                Reset_Handler
                0x08000440                _start
                0x08000460                HardFault_Handler
                0x08000462                MemManage_Handler
                0x08000464                BusFault_Handler
                0x08000466                UsageFault_Handler
                0x08000468                Default_Handler
                0x0800046a                WWDG_IRQHandler
                0x0800046c                PVD_IRQHandler
                0x0800046e                TAMP_STAMP_IRQHandler
                0x08000470                RTC_WKUP_IRQHandler
                0x08000472                FLASH_IRQHandler
                0x08000474                RCC_IRQHandler
                0x08000476                EXTI0_IRQHandler
                0x08000478                EXTI1_IRQHandler
                0x0800047a                EXTI2_IRQHandler
                0x0800047c                EXTI3_IRQHandler
                0x0800047e                EXTI4_IRQHandler
                0x08000480                DMA1_Stream0_IRQHandler
                0x08000482                DMA1_Stream1_IRQHandler
                0x08000484                DMA1_Stream2_IRQHandler
                0x08000486                DMA1_Stream3_IRQHandler
                0x08000488                DMA1_Stream4_IRQHandler
                0x0800048a                DMA1_Stream5_IRQHandler
                0x0800048c                DMA1_Stream6_IRQHandler
                0x0800048e                ADC_IRQHandler
                0x08000490                CAN1_TX_IRQHandler
                0x08000492                CAN1_RX0_IRQHandler
                0x08000494                CAN1_RX1_IRQHandler
                0x08000496                CAN1_SCE_IRQHandler
                0x08000498                EXTI9_5_IRQHandler
                0x0800049a                TIM1_BRK_TIM9_IRQHandler
                0x0800049c                TIM1_UP_TIM10_IRQHandler
                0x0800049e                TIM1_TRG_COM_TIM11_IRQHandler
                0x080004a0                TIM1_CC_IRQHandler
                0x080004a2                TIM2_IRQHandler
                0x080004a4                TIM3_IRQHandler
                0x080004a6                TIM4_IRQHandler
                0x080004a8                I2C1_EV_IRQHandler
                0x080004aa                I2C1_ER_IRQHandler
                0x080004ac                I2C2_EV_IRQHandler
                0x080004ae                I2C2_ER_IRQHandler
                0x080004b0                SPI1_IRQHandler
                0x080004b2                SPI2_IRQHandler
                0x080004b4                USART1_IRQHandler
                0x080004b6                USART2_IRQHandler
                0x080004b8                USART3_IRQHandler
                0x080004ba                EXTI15_10_IRQHandler
                0x080004bc                RTC_Alarm_IRQHandler
                0x080004be                OTG_FS_WKUP_IRQHandler
                0x080004c0                TIM8_BRK_TIM12_IRQHandler
                0x080004c2                TIM8_UP_TIM13_IRQHandler
                0x080004c4                TIM8_TRG_COM_TIM14_IRQHandler
                0x080004c6                TIM8_CC_IRQHandler
                0x080004c8                DMA1_Stream7_IRQHandler
                0x080004ca                FSMC_IRQHandler
                0x080004cc                SDIO_IRQHandler
                0x080004ce                TIM5_IRQHandler
                0x080004d0                SPI3_IRQHandler
                0x080004d2                UART4_IRQHandler
                0x080004d4                UART5_IRQHandler
                0x080004d6                TIM6_DAC_IRQHandler
                0x080004d8                TIM7_IRQHandler
                0x080004da                DMA2_Stream0_IRQHandler
                0x080004dc                DMA2_Stream1_IRQHandler
                0x080004de                DMA2_Stream2_IRQHandler
                0x080004e0                DMA2_Stream3_IRQHandler
                0x080004e2                DMA2_Stream4_IRQHandler
                0x080004e4                ETH_IRQHandler
                0x080004e6                ETH_WKUP_IRQHandler
                0x080004e8                CAN2_TX_IRQHandler
                0x080004ea                CAN2_RX0_IRQHandler
                0x080004ec                CAN2_RX1_IRQHandler
                0x080004ee                CAN2_SCE_IRQHandler
                0x080004f0                OTG_FS_IRQHandler
                0x080004f2                DMA2_Stream5_IRQHandler
                0x080004f4                DMA2_Stream6_IRQHandler
                0x080004f6                DMA2_Stream7_IRQHandler
                0x080004f8                USART6_IRQHandler
                0x080004fa                I2C3_EV_IRQHandler
                0x080004fc                I2C3_ER_IRQHandler
                0x080004fe                OTG_HS_EP1_OUT_IRQHandler
                0x08000500                OTG_HS_EP1_IN_IRQHandler
                0x08000502                OTG_HS_WKUP_IRQHandler
                0x08000504                OTG_HS_IRQHandler
                0x08000506                DCMI_IRQHandler
                0x08000508                CRYP_IRQHandler
                0x0800050a                HASH_RNG_IRQHandler
                0x0800050c                FPU_IRQHandler
                0x0800050e                UART7_IRQHandler
                0x08000510                UART8_IRQHandler
                0x08000512                SPI4_IRQHandler
                0x08000514                SPI5_IRQHandler
                0x08000516                SPI6_IRQHandler
                0x08000518                SAI1_IRQHandler
                0x0800051a                LTDC_IRQHandler
                0x0800051c                LTDC_ER_IRQHandler
                0x0800051e                DMA2D_IRQHandler
 .text.NMI_Handler
                0x08000528        0x2 ..\library.a(stm32f4xx_it.o)
                0x08000528                NMI_Handler
 .text.SVC_Handler
                0x0800052a        0x2 ..\library.a(stm32f4xx_it.o)
                0x0800052a                SVC_Handler
 .text.DebugMon_Handler
                0x0800052c        0x2 ..\library.a(stm32f4xx_it.o)
                0x0800052c                DebugMon_Handler
 .text.PendSV_Handler
                0x0800052e        0x2 ..\library.a(stm32f4xx_it.o)
                0x0800052e                PendSV_Handler
 .text.SysTick_Handler
                0x08000530        0x4 ..\library.a(stm32f4xx_it.o)
                0x08000530                SysTick_Handler
 .text.LCD_LOG_DeInit
                0x08000534       0x64 ..\library.a(lcd_log.o)
                0x08000534                LCD_LOG_DeInit
 .text.LCD_LOG_Init
                0x08000598       0x12 ..\library.a(lcd_log.o)
                0x08000598                LCD_LOG_Init
 *fill*         0x080005aa        0x2 
 .text.LCD_LOG_SetHeader
                0x080005ac       0x6c ..\library.a(lcd_log.o)
                0x080005ac                LCD_LOG_SetHeader
 .text.LCD_LOG_SetFooter
                0x08000618       0x80 ..\library.a(lcd_log.o)
                0x08000618                LCD_LOG_SetFooter
 .text.LCD_LOG_ClearTextZone
                0x08000698       0x18 ..\library.a(lcd_log.o)
                0x08000698                LCD_LOG_ClearTextZone
 .text.LCD_LOG_UpdateDisplay
                0x080006b0       0x7c ..\library.a(lcd_log.o)
                0x080006b0                LCD_LOG_UpdateDisplay
 .text.Put1Char
                0x0800072c      0x140 ..\library.a(lcd_log.o)
                0x0800072c                Put1Char
 .text._write   0x0800086c       0x1a ..\library.a(lcd_log.o)
                0x0800086c                _write
 *fill*         0x08000886        0x2 
 .text.SPIx_Init
                0x08000888       0x94 ..\library.a(stm32f429i_discovery.o)
 .text.SPIx_Write
                0x0800091c       0x30 ..\library.a(stm32f429i_discovery.o)
 .text.BSP_PB_Init
                0x0800094c       0x70 ..\library.a(stm32f429i_discovery.o)
                0x0800094c                BSP_PB_Init
 .text.BSP_PB_GetState
                0x080009bc       0x14 ..\library.a(stm32f429i_discovery.o)
                0x080009bc                BSP_PB_GetState
 .text.LCD_IO_Init
                0x080009d0       0xb0 ..\library.a(stm32f429i_discovery.o)
                0x080009d0                LCD_IO_Init
 .text.LCD_IO_WriteData
                0x08000a80       0x38 ..\library.a(stm32f429i_discovery.o)
                0x08000a80                LCD_IO_WriteData
 .text.LCD_IO_WriteReg
                0x08000ab8       0x38 ..\library.a(stm32f429i_discovery.o)
                0x08000ab8                LCD_IO_WriteReg
 .text.LCD_IO_ReadData
                0x08000af0       0x6c ..\library.a(stm32f429i_discovery.o)
                0x08000af0                LCD_IO_ReadData
 .text.LCD_Delay
                0x08000b5c        0x4 ..\library.a(stm32f429i_discovery.o)
                0x08000b5c                LCD_Delay
 .text.FillBuffer
                0x08000b60       0x64 ..\library.a(stm32f429i_discovery_lcd.o)
 .text.BSP_LCD_Init
                0x08000bc4      0x1dc ..\library.a(stm32f429i_discovery_lcd.o)
                0x08000bc4                BSP_LCD_Init
 .text.BSP_LCD_GetXSize
                0x08000da0       0x10 ..\library.a(stm32f429i_discovery_lcd.o)
                0x08000da0                BSP_LCD_GetXSize
 .text.BSP_LCD_GetYSize
                0x08000db0       0x10 ..\library.a(stm32f429i_discovery_lcd.o)
                0x08000db0                BSP_LCD_GetYSize
 .text.BSP_LCD_LayerDefaultInit
                0x08000dc0       0x80 ..\library.a(stm32f429i_discovery_lcd.o)
                0x08000dc0                BSP_LCD_LayerDefaultInit
 .text.BSP_LCD_SelectLayer
                0x08000e40        0xc ..\library.a(stm32f429i_discovery_lcd.o)
                0x08000e40                BSP_LCD_SelectLayer
 .text.BSP_LCD_SetTextColor
                0x08000e4c       0x18 ..\library.a(stm32f429i_discovery_lcd.o)
                0x08000e4c                BSP_LCD_SetTextColor
 .text.BSP_LCD_SetBackColor
                0x08000e64       0x18 ..\library.a(stm32f429i_discovery_lcd.o)
                0x08000e64                BSP_LCD_SetBackColor
 .text.BSP_LCD_SetFont
                0x08000e7c       0x18 ..\library.a(stm32f429i_discovery_lcd.o)
                0x08000e7c                BSP_LCD_SetFont
 .text.BSP_LCD_GetFont
                0x08000e94       0x18 ..\library.a(stm32f429i_discovery_lcd.o)
                0x08000e94                BSP_LCD_GetFont
 .text.BSP_LCD_Clear
                0x08000eac       0x3c ..\library.a(stm32f429i_discovery_lcd.o)
                0x08000eac                BSP_LCD_Clear
 .text.BSP_LCD_FillRect
                0x08000ee8       0x5c ..\library.a(stm32f429i_discovery_lcd.o)
                0x08000ee8                BSP_LCD_FillRect
 .text.BSP_LCD_ClearStringLine
                0x08000f44       0x50 ..\library.a(stm32f429i_discovery_lcd.o)
                0x08000f44                BSP_LCD_ClearStringLine
 .text.BSP_LCD_DisplayOn
                0x08000f94       0x14 ..\library.a(stm32f429i_discovery_lcd.o)
                0x08000f94                BSP_LCD_DisplayOn
 .text.BSP_LCD_DrawPixel
                0x08000fa8       0x2c ..\library.a(stm32f429i_discovery_lcd.o)
                0x08000fa8                BSP_LCD_DrawPixel
 .text.BSP_LCD_DisplayChar
                0x08000fd4       0xd8 ..\library.a(stm32f429i_discovery_lcd.o)
                0x08000fd4                BSP_LCD_DisplayChar
 .text.BSP_LCD_DisplayStringAt
                0x080010ac       0xb4 ..\library.a(stm32f429i_discovery_lcd.o)
                0x080010ac                BSP_LCD_DisplayStringAt
 .text.BSP_LCD_DisplayStringAtLine
                0x08001160       0x2c ..\library.a(stm32f429i_discovery_lcd.o)
                0x08001160                BSP_LCD_DisplayStringAtLine
 .text.BSP_SDRAM_Initialization_sequence
                0x0800118c       0x9c ..\library.a(stm32f429i_discovery_sdram.o)
                0x0800118c                BSP_SDRAM_Initialization_sequence
 .text.BSP_SDRAM_Init
                0x08001228      0x1d8 ..\library.a(stm32f429i_discovery_sdram.o)
                0x08001228                BSP_SDRAM_Init
 .text.SystemInit
                0x08001400       0x4c ..\library.a(system_stm32f4xx.o)
                0x08001400                SystemInit
 .text.HAL_MspInit
                0x0800144c        0x2 ..\library.a(stm32f4xx_hal.o)
                0x0800144c                HAL_MspInit
 .text.HAL_InitTick
                0x0800144e       0x24 ..\library.a(stm32f4xx_hal.o)
                0x0800144e                HAL_InitTick
 *fill*         0x08001472        0x2 
 .text.HAL_Init
                0x08001474       0x34 ..\library.a(stm32f4xx_hal.o)
                0x08001474                HAL_Init
 .text.HAL_IncTick
                0x080014a8       0x10 ..\library.a(stm32f4xx_hal.o)
                0x080014a8                HAL_IncTick
 .text.HAL_GetTick
                0x080014b8        0xc ..\library.a(stm32f4xx_hal.o)
                0x080014b8                HAL_GetTick
 .text.HAL_Delay
                0x080014c4       0x1a ..\library.a(stm32f4xx_hal.o)
                0x080014c4                HAL_Delay
 *fill*         0x080014de        0x2 
 .text.HAL_NVIC_SetPriorityGrouping
                0x080014e0       0x24 ..\library.a(stm32f4xx_hal_cortex.o)
                0x080014e0                HAL_NVIC_SetPriorityGrouping
 .text.HAL_NVIC_SetPriority
                0x08001504       0x64 ..\library.a(stm32f4xx_hal_cortex.o)
                0x08001504                HAL_NVIC_SetPriority
 .text.HAL_NVIC_EnableIRQ
                0x08001568       0x18 ..\library.a(stm32f4xx_hal_cortex.o)
                0x08001568                HAL_NVIC_EnableIRQ
 .text.HAL_SYSTICK_Config
                0x08001580       0x2c ..\library.a(stm32f4xx_hal_cortex.o)
                0x08001580                HAL_SYSTICK_Config
 .text.HAL_DMA_Init
                0x080015ac       0x74 ..\library.a(stm32f4xx_hal_dma.o)
                0x080015ac                HAL_DMA_Init
 .text.HAL_DMA_DeInit
                0x08001620      0x414 ..\library.a(stm32f4xx_hal_dma.o)
                0x08001620                HAL_DMA_DeInit
 .text.DMA2D_SetConfig
                0x08001a34       0x8a ..\library.a(stm32f4xx_hal_dma2d.o)
 .text.HAL_DMA2D_MspInit
                0x08001abe        0x2 ..\library.a(stm32f4xx_hal_dma2d.o)
                0x08001abe                HAL_DMA2D_MspInit
 .text.HAL_DMA2D_Init
                0x08001ac0       0x5c ..\library.a(stm32f4xx_hal_dma2d.o)
                0x08001ac0                HAL_DMA2D_Init
 .text.HAL_DMA2D_Start
                0x08001b1c       0x40 ..\library.a(stm32f4xx_hal_dma2d.o)
                0x08001b1c                HAL_DMA2D_Start
 .text.HAL_DMA2D_PollForTransfer
                0x08001b5c       0xc8 ..\library.a(stm32f4xx_hal_dma2d.o)
                0x08001b5c                HAL_DMA2D_PollForTransfer
 .text.HAL_DMA2D_ConfigLayer
                0x08001c24       0xdc ..\library.a(stm32f4xx_hal_dma2d.o)
                0x08001c24                HAL_DMA2D_ConfigLayer
 .text.HAL_GPIO_Init
                0x08001d00      0x19c ..\library.a(stm32f4xx_hal_gpio.o)
                0x08001d00                HAL_GPIO_Init
 .text.HAL_GPIO_ReadPin
                0x08001e9c        0xc ..\library.a(stm32f4xx_hal_gpio.o)
                0x08001e9c                HAL_GPIO_ReadPin
 .text.HAL_GPIO_WritePin
                0x08001ea8        0x8 ..\library.a(stm32f4xx_hal_gpio.o)
                0x08001ea8                HAL_GPIO_WritePin
 .text.LTDC_SetConfig
                0x08001eb0      0x170 ..\library.a(stm32f4xx_hal_ltdc.o)
 .text.HAL_LTDC_MspInit
                0x08002020        0x2 ..\library.a(stm32f4xx_hal_ltdc.o)
                0x08002020                HAL_LTDC_MspInit
 *fill*         0x08002022        0x2 
 .text.HAL_LTDC_Init
                0x08002024      0x104 ..\library.a(stm32f4xx_hal_ltdc.o)
                0x08002024                HAL_LTDC_Init
 .text.HAL_LTDC_ConfigLayer
                0x08002128       0x56 ..\library.a(stm32f4xx_hal_ltdc.o)
                0x08002128                HAL_LTDC_ConfigLayer
 *fill*         0x0800217e        0x2 
 .text.HAL_LTDC_EnableDither
                0x08002180       0x34 ..\library.a(stm32f4xx_hal_ltdc.o)
                0x08002180                HAL_LTDC_EnableDither
 .text.HAL_PWREx_EnableOverDrive
                0x080021b4       0x98 ..\library.a(stm32f4xx_hal_pwr_ex.o)
                0x080021b4                HAL_PWREx_EnableOverDrive
 .text.HAL_RCC_OscConfig
                0x0800224c      0x304 ..\library.a(stm32f4xx_hal_rcc.o)
                0x0800224c                HAL_RCC_OscConfig
 .text.HAL_RCC_ClockConfig
                0x08002550      0x208 ..\library.a(stm32f4xx_hal_rcc.o)
                0x08002550                HAL_RCC_ClockConfig
 .text.HAL_RCC_GetSysClockFreq
                0x08002758       0x8c ..\library.a(stm32f4xx_hal_rcc.o)
                0x08002758                HAL_RCC_GetSysClockFreq
 .text.HAL_RCC_GetHCLKFreq
                0x080027e4       0x38 ..\library.a(stm32f4xx_hal_rcc.o)
                0x080027e4                HAL_RCC_GetHCLKFreq
 .text.HAL_RCCEx_PeriphCLKConfig
                0x0800281c      0x2d8 ..\library.a(stm32f4xx_hal_rcc_ex.o)
                0x0800281c                HAL_RCCEx_PeriphCLKConfig
 .text.HAL_SDRAM_MspInit
                0x08002af4        0x2 ..\library.a(stm32f4xx_hal_sdram.o)
                0x08002af4                HAL_SDRAM_MspInit
 .text.HAL_SDRAM_Init
                0x08002af6       0x40 ..\library.a(stm32f4xx_hal_sdram.o)
                0x08002af6                HAL_SDRAM_Init
 .text.HAL_SDRAM_SendCommand
                0x08002b36       0x2e ..\library.a(stm32f4xx_hal_sdram.o)
                0x08002b36                HAL_SDRAM_SendCommand
 .text.HAL_SDRAM_ProgramRefreshRate
                0x08002b64       0x24 ..\library.a(stm32f4xx_hal_sdram.o)
                0x08002b64                HAL_SDRAM_ProgramRefreshRate
 .text.SPI_WaitOnFlagUntilTimeout
                0x08002b88       0x98 ..\library.a(stm32f4xx_hal_spi.o)
 .text.HAL_SPI_MspInit
                0x08002c20        0x2 ..\library.a(stm32f4xx_hal_spi.o)
                0x08002c20                HAL_SPI_MspInit
 .text.HAL_SPI_Init
                0x08002c22       0x86 ..\library.a(stm32f4xx_hal_spi.o)
                0x08002c22                HAL_SPI_Init
 .text.HAL_SPI_MspDeInit
                0x08002ca8        0x2 ..\library.a(stm32f4xx_hal_spi.o)
                0x08002ca8                HAL_SPI_MspDeInit
 .text.HAL_SPI_DeInit
                0x08002caa       0x26 ..\library.a(stm32f4xx_hal_spi.o)
                0x08002caa                HAL_SPI_DeInit
 .text.HAL_SPI_Transmit
                0x08002cd0      0x14c ..\library.a(stm32f4xx_hal_spi.o)
                0x08002cd0                HAL_SPI_Transmit
 .text.HAL_SPI_TransmitReceive
                0x08002e1c      0x2c6 ..\library.a(stm32f4xx_hal_spi.o)
                0x08002e1c                HAL_SPI_TransmitReceive
 .text.HAL_SPI_Receive
                0x080030e2      0x1dc ..\library.a(stm32f4xx_hal_spi.o)
                0x080030e2                HAL_SPI_Receive
 .text.HAL_SPI_GetState
                0x080032be        0x6 ..\library.a(stm32f4xx_hal_spi.o)
                0x080032be                HAL_SPI_GetState
 .text.FMC_SDRAM_Init
                0x080032c4       0x84 ..\library.a(stm32f4xx_ll_fmc.o)
                0x080032c4                FMC_SDRAM_Init
 .text.FMC_SDRAM_Timing_Init
                0x08003348       0x8a ..\library.a(stm32f4xx_ll_fmc.o)
                0x08003348                FMC_SDRAM_Timing_Init
 .text.FMC_SDRAM_SendCommand
                0x080033d2       0x4c ..\library.a(stm32f4xx_ll_fmc.o)
                0x080033d2                FMC_SDRAM_SendCommand
 .text.FMC_SDRAM_ProgramRefreshRate
                0x0800341e        0xc ..\library.a(stm32f4xx_ll_fmc.o)
                0x0800341e                FMC_SDRAM_ProgramRefreshRate
 .text.ili9341_GetLcdPixelWidth
                0x0800342a        0x4 ..\library.a(ili9341.o)
                0x0800342a                ili9341_GetLcdPixelWidth
 .text.ili9341_GetLcdPixelHeight
                0x0800342e        0x6 ..\library.a(ili9341.o)
                0x0800342e                ili9341_GetLcdPixelHeight
 .text.ili9341_DisplayOn
                0x08003434        0x6 ..\library.a(ili9341.o)
                0x08003434                ili9341_DisplayOn
 .text.ili9341_DisplayOff
                0x0800343a        0x6 ..\library.a(ili9341.o)
                0x0800343a                ili9341_DisplayOff
 .text.ili9341_Init
                0x08003440      0x292 ..\library.a(ili9341.o)
                0x08003440                ili9341_Init
 .text.ili9341_ReadID
                0x080036d2       0x12 ..\library.a(ili9341.o)
                0x080036d2                ili9341_ReadID
 .text.printf   0x080036e4       0x30 c:/program files (x86)/embitz/0.40/share/em_armgcc/bin/../lib/gcc/arm-none-eabi/4.8.4/../../../../arm-none-eabi/lib/armv7e-m/fpu\libg_n.a(lib_a-printf.o)
                0x080036e4                iprintf
                0x080036e4                printf
 .text.putchar  0x08003714       0x28 c:/program files (x86)/embitz/0.40/share/em_armgcc/bin/../lib/gcc/arm-none-eabi/4.8.4/../../../../arm-none-eabi/lib/armv7e-m/fpu\libg_n.a(lib_a-putchar.o)
                0x08003714                putchar
 .text._puts_r  0x0800373c       0xc0 c:/program files (x86)/embitz/0.40/share/em_armgcc/bin/../lib/gcc/arm-none-eabi/4.8.4/../../../../arm-none-eabi/lib/armv7e-m/fpu\libg_n.a(lib_a-puts.o)
                0x0800373c                _puts_r
 .text.puts     0x080037fc       0x10 c:/program files (x86)/embitz/0.40/share/em_armgcc/bin/../lib/gcc/arm-none-eabi/4.8.4/../../../../arm-none-eabi/lib/armv7e-m/fpu\libg_n.a(lib_a-puts.o)
                0x080037fc                puts
 .text.strchr   0x0800380c       0x1a c:/program files (x86)/embitz/0.40/share/em_armgcc/bin/../lib/gcc/arm-none-eabi/4.8.4/../../../../arm-none-eabi/lib/armv7e-m/fpu\libg_n.a(lib_a-strchr.o)
                0x0800380c                strchr
 .text.strcpy   0x08003826       0x10 c:/program files (x86)/embitz/0.40/share/em_armgcc/bin/../lib/gcc/arm-none-eabi/4.8.4/../../../../arm-none-eabi/lib/armv7e-m/fpu\libg_n.a(lib_a-strcpy.o)
                0x08003826                strcpy
 .text.__sfputc_r
                0x08003836       0x2c c:/program files (x86)/embitz/0.40/share/em_armgcc/bin/../lib/gcc/arm-none-eabi/4.8.4/../../../../arm-none-eabi/lib/armv7e-m/fpu\libg_n.a(lib_a-vfprintf.o)
 .text.__sfputs_r
                0x08003862       0x24 c:/program files (x86)/embitz/0.40/share/em_armgcc/bin/../lib/gcc/arm-none-eabi/4.8.4/../../../../arm-none-eabi/lib/armv7e-m/fpu\libg_n.a(lib_a-vfprintf.o)
                0x08003862                __sfputs_r
 *fill*         0x08003886        0x2 
 .text._vfprintf_r
                0x08003888      0x208 c:/program files (x86)/embitz/0.40/share/em_armgcc/bin/../lib/gcc/arm-none-eabi/4.8.4/../../../../arm-none-eabi/lib/armv7e-m/fpu\libg_n.a(lib_a-vfprintf.o)
                0x08003888                _vfprintf_r
                0x08003888                _vfiprintf_r
 .text._printf_common
                0x08003a90       0xe4 c:/program files (x86)/embitz/0.40/share/em_armgcc/bin/../lib/gcc/arm-none-eabi/4.8.4/../../../../arm-none-eabi/lib/armv7e-m/fpu\libg_n.a(lib_a-vfprintf_i.o)
                0x08003a90                _printf_common
 .text._printf_i
                0x08003b74      0x228 c:/program files (x86)/embitz/0.40/share/em_armgcc/bin/../lib/gcc/arm-none-eabi/4.8.4/../../../../arm-none-eabi/lib/armv7e-m/fpu\libg_n.a(lib_a-vfprintf_i.o)
                0x08003b74                _printf_i
 .text.__swbuf_r
                0x08003d9c       0xa8 c:/program files (x86)/embitz/0.40/share/em_armgcc/bin/../lib/gcc/arm-none-eabi/4.8.4/../../../../arm-none-eabi/lib/armv7e-m/fpu\libg_n.a(lib_a-wbuf.o)
                0x08003d9c                __swbuf_r
 .text.__swsetup_r
                0x08003e44       0xdc c:/program files (x86)/embitz/0.40/share/em_armgcc/bin/../lib/gcc/arm-none-eabi/4.8.4/../../../../arm-none-eabi/lib/armv7e-m/fpu\libg_n.a(lib_a-wsetup.o)
                0x08003e44                __swsetup_r
 .text.__sflush_r
                0x08003f20      0x106 c:/program files (x86)/embitz/0.40/share/em_armgcc/bin/../lib/gcc/arm-none-eabi/4.8.4/../../../../arm-none-eabi/lib/armv7e-m/fpu\libg_n.a(lib_a-fflush.o)
                0x08003f20                __sflush_r
 *fill*         0x08004026        0x2 
 .text._fflush_r
                0x08004028       0x54 c:/program files (x86)/embitz/0.40/share/em_armgcc/bin/../lib/gcc/arm-none-eabi/4.8.4/../../../../arm-none-eabi/lib/armv7e-m/fpu\libg_n.a(lib_a-fflush.o)
                0x08004028                _fflush_r
 .text._cleanup_r
                0x0800407c       0x32 c:/program files (x86)/embitz/0.40/share/em_armgcc/bin/../lib/gcc/arm-none-eabi/4.8.4/../../../../arm-none-eabi/lib/armv7e-m/fpu\libg_n.a(lib_a-findfp.o)
                0x0800407c                _cleanup_r
 *fill*         0x080040ae        0x2 
 .text.std.isra.0
                0x080040b0       0x48 c:/program files (x86)/embitz/0.40/share/em_armgcc/bin/../lib/gcc/arm-none-eabi/4.8.4/../../../../arm-none-eabi/lib/armv7e-m/fpu\libg_n.a(lib_a-findfp.o)
 .text.__sfmoreglue
                0x080040f8       0x2c c:/program files (x86)/embitz/0.40/share/em_armgcc/bin/../lib/gcc/arm-none-eabi/4.8.4/../../../../arm-none-eabi/lib/armv7e-m/fpu\libg_n.a(lib_a-findfp.o)
                0x080040f8                __sfmoreglue
 .text.__sinit  0x08004124       0x60 c:/program files (x86)/embitz/0.40/share/em_armgcc/bin/../lib/gcc/arm-none-eabi/4.8.4/../../../../arm-none-eabi/lib/armv7e-m/fpu\libg_n.a(lib_a-findfp.o)
                0x08004124                __sinit
 .text.__sfp    0x08004184       0x74 c:/program files (x86)/embitz/0.40/share/em_armgcc/bin/../lib/gcc/arm-none-eabi/4.8.4/../../../../arm-none-eabi/lib/armv7e-m/fpu\libg_n.a(lib_a-findfp.o)
                0x08004184                __sfp
 .text.__smakebuf_r
                0x080041f8       0x9c c:/program files (x86)/embitz/0.40/share/em_armgcc/bin/../lib/gcc/arm-none-eabi/4.8.4/../../../../arm-none-eabi/lib/armv7e-m/fpu\libg_n.a(lib_a-makebuf.o)
                0x080041f8                __smakebuf_r
 .text.memchr   0x08004294       0x1e c:/program files (x86)/embitz/0.40/share/em_armgcc/bin/../lib/gcc/arm-none-eabi/4.8.4/../../../../arm-none-eabi/lib/armv7e-m/fpu\libg_n.a(lib_a-memchr-stub.o)
                0x08004294                memchr
 .text.memset   0x080042b2       0x10 c:/program files (x86)/embitz/0.40/share/em_armgcc/bin/../lib/gcc/arm-none-eabi/4.8.4/../../../../arm-none-eabi/lib/armv7e-m/fpu\libg_n.a(lib_a-memset.o)
                0x080042b2                memset
 *fill*         0x080042c2        0x2 
 .text._free_r  0x080042c4       0x88 c:/program files (x86)/embitz/0.40/share/em_armgcc/bin/../lib/gcc/arm-none-eabi/4.8.4/../../../../arm-none-eabi/lib/armv7e-m/fpu\libg_n.a(lib_a-nano-freer.o)
                0x080042c4                _free_r
 .text._malloc_r
                0x0800434c       0xa8 c:/program files (x86)/embitz/0.40/share/em_armgcc/bin/../lib/gcc/arm-none-eabi/4.8.4/../../../../arm-none-eabi/lib/armv7e-m/fpu\libg_n.a(lib_a-nano-mallocr.o)
                0x0800434c                _malloc_r
 .text._putc_r  0x080043f4       0x78 c:/program files (x86)/embitz/0.40/share/em_armgcc/bin/../lib/gcc/arm-none-eabi/4.8.4/../../../../arm-none-eabi/lib/armv7e-m/fpu\libg_n.a(lib_a-putc.o)
                0x080043f4                _putc_r
 .text._sbrk_r  0x0800446c       0x20 c:/program files (x86)/embitz/0.40/share/em_armgcc/bin/../lib/gcc/arm-none-eabi/4.8.4/../../../../arm-none-eabi/lib/armv7e-m/fpu\libg_n.a(lib_a-sbrkr.o)
                0x0800446c                _sbrk_r
 .text.__sread  0x0800448c       0x22 c:/program files (x86)/embitz/0.40/share/em_armgcc/bin/../lib/gcc/arm-none-eabi/4.8.4/../../../../arm-none-eabi/lib/armv7e-m/fpu\libg_n.a(lib_a-stdio.o)
                0x0800448c                __sread
 .text.__swrite
                0x080044ae       0x38 c:/program files (x86)/embitz/0.40/share/em_armgcc/bin/../lib/gcc/arm-none-eabi/4.8.4/../../../../arm-none-eabi/lib/armv7e-m/fpu\libg_n.a(lib_a-stdio.o)
                0x080044ae                __swrite
 .text.__sseek  0x080044e6       0x24 c:/program files (x86)/embitz/0.40/share/em_armgcc/bin/../lib/gcc/arm-none-eabi/4.8.4/../../../../arm-none-eabi/lib/armv7e-m/fpu\libg_n.a(lib_a-stdio.o)
                0x080044e6                __sseek
 .text.__sclose
                0x0800450a        0x8 c:/program files (x86)/embitz/0.40/share/em_armgcc/bin/../lib/gcc/arm-none-eabi/4.8.4/../../../../arm-none-eabi/lib/armv7e-m/fpu\libg_n.a(lib_a-stdio.o)
                0x0800450a                __sclose
 .text.strlen   0x08004512       0x10 c:/program files (x86)/embitz/0.40/share/em_armgcc/bin/../lib/gcc/arm-none-eabi/4.8.4/../../../../arm-none-eabi/lib/armv7e-m/fpu\libg_n.a(lib_a-strlen.o)
                0x08004512                strlen
 *fill*         0x08004522        0x2 
 .text._write_r
                0x08004524       0x24 c:/program files (x86)/embitz/0.40/share/em_armgcc/bin/../lib/gcc/arm-none-eabi/4.8.4/../../../../arm-none-eabi/lib/armv7e-m/fpu\libg_n.a(lib_a-writer.o)
                0x08004524                _write_r
 .text._close_r
                0x08004548       0x20 c:/program files (x86)/embitz/0.40/share/em_armgcc/bin/../lib/gcc/arm-none-eabi/4.8.4/../../../../arm-none-eabi/lib/armv7e-m/fpu\libg_n.a(lib_a-closer.o)
                0x08004548                _close_r
 .text._fstat_r
                0x08004568       0x24 c:/program files (x86)/embitz/0.40/share/em_armgcc/bin/../lib/gcc/arm-none-eabi/4.8.4/../../../../arm-none-eabi/lib/armv7e-m/fpu\libg_n.a(lib_a-fstatr.o)
                0x08004568                _fstat_r
 .text._isatty_r
                0x0800458c       0x20 c:/program files (x86)/embitz/0.40/share/em_armgcc/bin/../lib/gcc/arm-none-eabi/4.8.4/../../../../arm-none-eabi/lib/armv7e-m/fpu\libg_n.a(lib_a-isattyr.o)
                0x0800458c                _isatty_r
 .text._lseek_r
                0x080045ac       0x24 c:/program files (x86)/embitz/0.40/share/em_armgcc/bin/../lib/gcc/arm-none-eabi/4.8.4/../../../../arm-none-eabi/lib/armv7e-m/fpu\libg_n.a(lib_a-lseekr.o)
                0x080045ac                _lseek_r
 .text._read_r  0x080045d0       0x24 c:/program files (x86)/embitz/0.40/share/em_armgcc/bin/../lib/gcc/arm-none-eabi/4.8.4/../../../../arm-none-eabi/lib/armv7e-m/fpu\libg_n.a(lib_a-readr.o)
                0x080045d0                _read_r
 .text          0x080045f4       0x10 c:/program files (x86)/embitz/0.40/share/em_armgcc/bin/../lib/gcc/arm-none-eabi/4.8.4/../../../../arm-none-eabi/lib/armv7e-m/fpu\libnosys_s.a(close.o)
                0x080045f4                _close
 .text          0x08004604       0x10 c:/program files (x86)/embitz/0.40/share/em_armgcc/bin/../lib/gcc/arm-none-eabi/4.8.4/../../../../arm-none-eabi/lib/armv7e-m/fpu\libnosys_s.a(fstat.o)
                0x08004604                _fstat
 .text          0x08004614       0x10 c:/program files (x86)/embitz/0.40/share/em_armgcc/bin/../lib/gcc/arm-none-eabi/4.8.4/../../../../arm-none-eabi/lib/armv7e-m/fpu\libnosys_s.a(isatty.o)
                0x08004614                _isatty
 .text          0x08004624       0x10 c:/program files (x86)/embitz/0.40/share/em_armgcc/bin/../lib/gcc/arm-none-eabi/4.8.4/../../../../arm-none-eabi/lib/armv7e-m/fpu\libnosys_s.a(lseek.o)
                0x08004624                _lseek
 .text          0x08004634       0x10 c:/program files (x86)/embitz/0.40/share/em_armgcc/bin/../lib/gcc/arm-none-eabi/4.8.4/../../../../arm-none-eabi/lib/armv7e-m/fpu\libnosys_s.a(read.o)
                0x08004634                _read
 .text          0x08004644       0x34 c:/program files (x86)/embitz/0.40/share/em_armgcc/bin/../lib/gcc/arm-none-eabi/4.8.4/../../../../arm-none-eabi/lib/armv7e-m/fpu\libnosys_s.a(sbrk.o)
                0x08004644                _sbrk
 *(.init)
 *(.fini)
 *crtbegin.o(.ctors)
 *crtbegin?.o(.ctors)
 *(EXCLUDE_FILE(*crtend.o *crtend?.o) .ctors)
 *(SORT(.ctors.*))
 *(.ctors)
 *crtbegin.o(.dtors)
 *crtbegin?.o(.dtors)
 *(EXCLUDE_FILE(*crtend.o *crtend?.o) .dtors)
 *(SORT(.dtors.*))
 *(.dtors)
 *(.rodata*)
 .rodata.str1.1
                0x08004678       0xa2 obj\debug\main.o
 *fill*         0x0800471a        0x2 
 .rodata.testcase.5424
                0x0800471c       0x20 obj\debug\main.o
 .rodata.Font16_Table
                0x0800473c      0xbe0 ..\library.a(stm32f429i_discovery_lcd.o)
                0x0800473c                Font16_Table
 .rodata.Font24_Table
                0x0800531c     0x1ab8 ..\library.a(stm32f429i_discovery_lcd.o)
                0x0800531c                Font24_Table
 .rodata.Font12_Table
                0x08006dd4      0x474 ..\library.a(stm32f429i_discovery_lcd.o)
                0x08006dd4                Font12_Table
 .rodata.APBAHBPrescTable
                0x08007248       0x10 ..\library.a(stm32f4xx_hal_rcc.o)
                0x08007248                APBAHBPrescTable
 .rodata.str1.1
                0x08007258       0x11 c:/program files (x86)/embitz/0.40/share/em_armgcc/bin/../lib/gcc/arm-none-eabi/4.8.4/../../../../arm-none-eabi/lib/armv7e-m/fpu\libg_n.a(lib_a-vfprintf.o)
 .rodata.str1.1
                0x08007269       0x22 c:/program files (x86)/embitz/0.40/share/em_armgcc/bin/../lib/gcc/arm-none-eabi/4.8.4/../../../../arm-none-eabi/lib/armv7e-m/fpu\libg_n.a(lib_a-vfprintf_i.o)
 *fill*         0x0800728b        0x1 
 .rodata.__sf_fake_stdin
                0x0800728c       0x20 c:/program files (x86)/embitz/0.40/share/em_armgcc/bin/../lib/gcc/arm-none-eabi/4.8.4/../../../../arm-none-eabi/lib/armv7e-m/fpu\libg_n.a(lib_a-findfp.o)
                0x0800728c                __sf_fake_stdin
 .rodata.__sf_fake_stdout
                0x080072ac       0x20 c:/program files (x86)/embitz/0.40/share/em_armgcc/bin/../lib/gcc/arm-none-eabi/4.8.4/../../../../arm-none-eabi/lib/armv7e-m/fpu\libg_n.a(lib_a-findfp.o)
                0x080072ac                __sf_fake_stdout
 .rodata.__sf_fake_stderr
                0x080072cc       0x20 c:/program files (x86)/embitz/0.40/share/em_armgcc/bin/../lib/gcc/arm-none-eabi/4.8.4/../../../../arm-none-eabi/lib/armv7e-m/fpu\libg_n.a(lib_a-findfp.o)
                0x080072cc                __sf_fake_stderr
 .rodata.str1.1
                0x080072ec        0x2 c:/program files (x86)/embitz/0.40/share/em_armgcc/bin/../lib/gcc/arm-none-eabi/4.8.4/../../../../arm-none-eabi/lib/armv7e-m/fpu\libg_n.a(lib_a-impure.o)
 *fill*         0x080072ee        0x2 
 .rodata._global_impure_ptr
                0x080072f0        0x4 c:/program files (x86)/embitz/0.40/share/em_armgcc/bin/../lib/gcc/arm-none-eabi/4.8.4/../../../../arm-none-eabi/lib/armv7e-m/fpu\libg_n.a(lib_a-impure.o)
                0x080072f0                _global_impure_ptr
 *(.eh_frame*)

.glue_7         0x080072f4        0x0
 .glue_7        0x00000000        0x0 linker stubs

.glue_7t        0x080072f4        0x0
 .glue_7t       0x00000000        0x0 linker stubs

.vfp11_veneer   0x080072f4        0x0
 .vfp11_veneer  0x00000000        0x0 linker stubs

.v4_bx          0x080072f4        0x0
 .v4_bx         0x00000000        0x0 linker stubs

.iplt           0x080072f4        0x0
 .iplt          0x00000000        0x0 obj\debug\main.o

.rel.dyn        0x080072f4        0x0
 .rel.iplt      0x00000000        0x0 obj\debug\main.o

.ARM.extab
 *(.ARM.extab* .gnu.linkonce.armextab.*)
                0x080072f4                __exidx_start = .

.ARM.exidx
 *(.ARM.exidx* .gnu.linkonce.armexidx.*)
                0x080072f4                __exidx_end = .
                0x080072f4                __etext = .

.data           0x20000000       0xc0 load address 0x080072f4
                0x20000000                __data_start__ = .
 *(vtable)
 *(.data*)
 .data.SpixTimeout
                0x20000000        0x4 ..\library.a(stm32f429i_discovery.o)
                0x20000000                SpixTimeout
 .data.BUTTON_PORT
                0x20000004        0x4 ..\library.a(stm32f429i_discovery.o)
                0x20000004                BUTTON_PORT
 .data.Font24   0x20000008        0x8 ..\library.a(stm32f429i_discovery_lcd.o)
                0x20000008                Font24
 .data.Font12   0x20000010        0x8 ..\library.a(stm32f429i_discovery_lcd.o)
                0x20000010                Font12
 .data.Font16   0x20000018        0x8 ..\library.a(stm32f429i_discovery_lcd.o)
                0x20000018                Font16
 .data.SystemCoreClock
                0x20000020        0x4 ..\library.a(system_stm32f4xx.o)
                0x20000020                SystemCoreClock
 .data.ili9341_drv
                0x20000024       0x38 ..\library.a(ili9341.o)
                0x20000024                ili9341_drv
 .data.impure_data
                0x2000005c       0x60 c:/program files (x86)/embitz/0.40/share/em_armgcc/bin/../lib/gcc/arm-none-eabi/4.8.4/../../../../arm-none-eabi/lib/armv7e-m/fpu\libg_n.a(lib_a-impure.o)
 .data._impure_ptr
                0x200000bc        0x4 c:/program files (x86)/embitz/0.40/share/em_armgcc/bin/../lib/gcc/arm-none-eabi/4.8.4/../../../../arm-none-eabi/lib/armv7e-m/fpu\libg_n.a(lib_a-impure.o)
                0x200000bc                _impure_ptr
                0x200000c0                . = ALIGN (0x4)
                0x200000c0                PROVIDE (__preinit_array_start, .)
 *(.preinit_array)
                0x200000c0                PROVIDE (__preinit_array_end, .)
                0x200000c0                . = ALIGN (0x4)
                0x200000c0                PROVIDE (__init_array_start, .)
 *(SORT(.init_array.*))
 *(.init_array)
                0x200000c0                PROVIDE (__init_array_end, .)
                0x200000c0                . = ALIGN (0x4)
                0x200000c0                PROVIDE (__fini_array_start, .)
 *(SORT(.fini_array.*))
 *(.fini_array)
                0x200000c0                PROVIDE (__fini_array_end, .)
                0x200000c0                . = ALIGN (0x4)
                0x200000c0                __data_end__ = .

.igot.plt       0x200000c0        0x0 load address 0x080073b4
 .igot.plt      0x00000000        0x0 obj\debug\main.o

.bss            0x200000c0     0x3ec4 load address 0x080073b4
                0x200000c0                __bss_start__ = .
 *(.bss*)
 .bss.SpiHandle
                0x200000c0       0x58 ..\library.a(stm32f429i_discovery.o)
 .bss.Is_LCD_IO_Initialized
                0x20000118        0x1 ..\library.a(stm32f429i_discovery.o)
 *fill*         0x20000119        0x3 
 .bss.ActiveLayer
                0x2000011c        0x4 ..\library.a(stm32f429i_discovery_lcd.o)
 .bss.DrawProp  0x20000120       0x18 ..\library.a(stm32f429i_discovery_lcd.o)
 .bss.Dma2dHandler
                0x20000138       0x40 ..\library.a(stm32f429i_discovery_lcd.o)
 .bss.PeriphClkInitStruct
                0x20000178       0x30 ..\library.a(stm32f429i_discovery_lcd.o)
 .bss.LtdcHandler
                0x200001a8       0xa8 ..\library.a(stm32f429i_discovery_lcd.o)
 .bss.dmaHandle.10808
                0x20000250       0x50 ..\library.a(stm32f429i_discovery_sdram.o)
 .bss.Command   0x200002a0       0x10 ..\library.a(stm32f429i_discovery_sdram.o)
 .bss.Timing    0x200002b0       0x1c ..\library.a(stm32f429i_discovery_sdram.o)
 .bss.SdramHandle
                0x200002cc       0x34 ..\library.a(stm32f429i_discovery_sdram.o)
 .bss.uwTick    0x20000300        0x4 ..\library.a(stm32f4xx_hal.o)
 .bss.__malloc_sbrk_start
                0x20000304        0x4 c:/program files (x86)/embitz/0.40/share/em_armgcc/bin/../lib/gcc/arm-none-eabi/4.8.4/../../../../arm-none-eabi/lib/armv7e-m/fpu\libg_n.a(lib_a-nano-mallocr.o)
                0x20000304                __malloc_sbrk_start
 .bss.__malloc_free_list
                0x20000308        0x4 c:/program files (x86)/embitz/0.40/share/em_armgcc/bin/../lib/gcc/arm-none-eabi/4.8.4/../../../../arm-none-eabi/lib/armv7e-m/fpu\libg_n.a(lib_a-nano-mallocr.o)
                0x20000308                __malloc_free_list
 .bss           0x2000030c        0x4 c:/program files (x86)/embitz/0.40/share/em_armgcc/bin/../lib/gcc/arm-none-eabi/4.8.4/../../../../arm-none-eabi/lib/armv7e-m/fpu\libnosys_s.a(sbrk.o)
 *(COMMON)
 COMMON         0x20000310     0x3c6a ..\library.a(lcd_log.o)
                0x20000310                LCD_CacheBuffer_yptr_bottom_bak
                0x20000312                LCD_CacheBuffer_yptr_top_bak
                0x20000314                LCD_CacheBuffer_yptr_bottom
                0x20000316                LCD_CacheBuffer_xptr
                0x20000318                LCD_CacheBuffer_yptr_invert
                0x20000319                LCD_Lock
                0x2000031a                LCD_Scrolled
                0x2000031c                LCD_CacheBuffer_yptr_top
                0x2000031e                LCD_ScrollActive
                0x20000320                LCD_CacheBuffer
                0x20003f74                LCD_LineColor
                0x20003f78                LCD_ScrollBackStep
 *fill*         0x20003f7a        0x2 
 COMMON         0x20003f7c        0x4 ..\library.a(stm32f429i_discovery_lcd.o)
                0x20003f7c                LcdDrv
 COMMON         0x20003f80        0x4 c:/program files (x86)/embitz/0.40/share/em_armgcc/bin/../lib/gcc/arm-none-eabi/4.8.4/../../../../arm-none-eabi/lib/armv7e-m/fpu\libg_n.a(lib_a-reent.o)
                0x20003f80                errno
                0x20003f84                __bss_end__ = .

.heap           0x20003f88      0xc00
                0x20003f88                __end__ = .
                0x20003f88                end = __end__
 *(.heap*)
 .heap          0x20003f88      0xc00 ..\library.a(startup_stm32f429xx.o)
                0x20003f88                __HeapBase
                0x20004b88                __HeapLimit = .

.stack_dummy    0x20003f88      0x400
 *(.stack)
 .stack         0x20003f88      0x400 ..\library.a(startup_stm32f429xx.o)
                0x20030000                __StackTop = (ORIGIN (RAM) + 0x30000)
                0x2002fc00                __StackLimit = (__StackTop - SIZEOF (.stack_dummy))
                0x20030000                PROVIDE (__stack, __StackTop)
                0x00000001                ASSERT ((__StackLimit >= __HeapLimit), region RAM overflowed with stack)
LOAD obj\debug\main.o
LOAD obj\debug\bitfieldinsert.o
LOAD ..\library.a
START GROUP
LOAD c:/program files (x86)/embitz/0.40/share/em_armgcc/bin/../lib/gcc/arm-none-eabi/4.8.4/armv7e-m/fpu\libgcc.a
LOAD c:/program files (x86)/embitz/0.40/share/em_armgcc/bin/../lib/gcc/arm-none-eabi/4.8.4/../../../../arm-none-eabi/lib/armv7e-m/fpu\libg_n.a
LOAD c:/program files (x86)/embitz/0.40/share/em_armgcc/bin/../lib/gcc/arm-none-eabi/4.8.4/../../../../arm-none-eabi/lib/armv7e-m/fpu\libc_n.a
END GROUP
START GROUP
LOAD c:/program files (x86)/embitz/0.40/share/em_armgcc/bin/../lib/gcc/arm-none-eabi/4.8.4/armv7e-m/fpu\libgcc.a
LOAD c:/program files (x86)/embitz/0.40/share/em_armgcc/bin/../lib/gcc/arm-none-eabi/4.8.4/../../../../arm-none-eabi/lib/armv7e-m/fpu\libc_n.a
LOAD c:/program files (x86)/embitz/0.40/share/em_armgcc/bin/../lib/gcc/arm-none-eabi/4.8.4/../../../../arm-none-eabi/lib/armv7e-m/fpu\libnosys_s.a
END GROUP
OUTPUT(Bit_Field_Insert.elf elf32-littlearm)

.debug_info     0x00000000      0x49e
 .debug_info    0x00000000      0x42f obj\debug\main.o
 .debug_info    0x0000042f       0x6f obj\debug\bitfieldinsert.o

.debug_abbrev   0x00000000      0x1bc
 .debug_abbrev  0x00000000      0x1a8 obj\debug\main.o
 .debug_abbrev  0x000001a8       0x14 obj\debug\bitfieldinsert.o

.debug_loc      0x00000000      0x214
 .debug_loc     0x00000000      0x214 obj\debug\main.o

.debug_aranges  0x00000000       0x48
 .debug_aranges
                0x00000000       0x28 obj\debug\main.o
 .debug_aranges
                0x00000028       0x20 obj\debug\bitfieldinsert.o

.debug_ranges   0x00000000       0x18
 .debug_ranges  0x00000000       0x18 obj\debug\main.o

.debug_macro    0x00000000     0x143b
 .debug_macro   0x00000000      0x141 obj\debug\main.o
 .debug_macro   0x00000141      0x87a obj\debug\main.o
 .debug_macro   0x000009bb       0x58 obj\debug\main.o
 .debug_macro   0x00000a13       0x16 obj\debug\main.o
 .debug_macro   0x00000a29       0x35 obj\debug\main.o
 .debug_macro   0x00000a5e       0xa2 obj\debug\main.o
 .debug_macro   0x00000b00       0x16 obj\debug\main.o
 .debug_macro   0x00000b16       0x97 obj\debug\main.o
 .debug_macro   0x00000bad       0x10 obj\debug\main.o
 .debug_macro   0x00000bbd       0xef obj\debug\main.o
 .debug_macro   0x00000cac       0x4a obj\debug\main.o
 .debug_macro   0x00000cf6       0x52 obj\debug\main.o
 .debug_macro   0x00000d48       0x16 obj\debug\main.o
 .debug_macro   0x00000d5e       0x43 obj\debug\main.o
 .debug_macro   0x00000da1      0x180 obj\debug\main.o
 .debug_macro   0x00000f21       0x10 obj\debug\main.o
 .debug_macro   0x00000f31       0x22 obj\debug\main.o
 .debug_macro   0x00000f53       0xbd obj\debug\main.o
 .debug_macro   0x00001010       0x16 obj\debug\main.o
 .debug_macro   0x00001026      0x16c obj\debug\main.o
 .debug_macro   0x00001192      0x20f obj\debug\main.o
 .debug_macro   0x000013a1       0x16 obj\debug\main.o
 .debug_macro   0x000013b7       0x35 obj\debug\main.o
 .debug_macro   0x000013ec       0x16 obj\debug\main.o
 .debug_macro   0x00001402       0x29 obj\debug\main.o
 .debug_macro   0x0000142b       0x10 obj\debug\main.o

.debug_line     0x00000000      0x32c
 .debug_line    0x00000000      0x2d6 obj\debug\main.o
 .debug_line    0x000002d6       0x56 obj\debug\bitfieldinsert.o

.debug_str      0x00000000     0x5055
 .debug_str     0x00000000     0x5055 obj\debug\main.o
                               0x522f (size before relaxing)

.comment        0x00000000       0x46
 .comment       0x00000000       0x46 obj\debug\main.o
                                 0x47 (size before relaxing)
 .comment       0x00000000       0x47 ..\library.a(initialize.o)
 .comment       0x00000000       0x47 ..\library.a(stm32f4xx_it.o)
 .comment       0x00000000       0x47 ..\library.a(lcd_log.o)
 .comment       0x00000000       0x47 ..\library.a(stm32f429i_discovery.o)
 .comment       0x00000000       0x47 ..\library.a(stm32f429i_discovery_lcd.o)
 .comment       0x00000000       0x47 ..\library.a(stm32f429i_discovery_sdram.o)
 .comment       0x00000000       0x47 ..\library.a(system_stm32f4xx.o)
 .comment       0x00000000       0x47 ..\library.a(stm32f4xx_hal.o)
 .comment       0x00000000       0x47 ..\library.a(stm32f4xx_hal_cortex.o)
 .comment       0x00000000       0x47 ..\library.a(stm32f4xx_hal_dma.o)
 .comment       0x00000000       0x47 ..\library.a(stm32f4xx_hal_dma2d.o)
 .comment       0x00000000       0x47 ..\library.a(stm32f4xx_hal_gpio.o)
 .comment       0x00000000       0x47 ..\library.a(stm32f4xx_hal_ltdc.o)
 .comment       0x00000000       0x47 ..\library.a(stm32f4xx_hal_pwr_ex.o)
 .comment       0x00000000       0x47 ..\library.a(stm32f4xx_hal_rcc.o)
 .comment       0x00000000       0x47 ..\library.a(stm32f4xx_hal_rcc_ex.o)
 .comment       0x00000000       0x47 ..\library.a(stm32f4xx_hal_sdram.o)
 .comment       0x00000000       0x47 ..\library.a(stm32f4xx_hal_spi.o)
 .comment       0x00000000       0x47 ..\library.a(stm32f4xx_ll_fmc.o)
 .comment       0x00000000       0x47 ..\library.a(ili9341.o)

.ARM.attributes
                0x00000000       0x37
 .ARM.attributes
                0x00000000       0x39 obj\debug\main.o
 .ARM.attributes
                0x00000039       0x1f obj\debug\bitfieldinsert.o
 .ARM.attributes
                0x00000058       0x39 ..\library.a(initialize.o)
 .ARM.attributes
                0x00000091       0x1f ..\library.a(startup_stm32f429xx.o)
 .ARM.attributes
                0x000000b0       0x39 ..\library.a(stm32f4xx_it.o)
 .ARM.attributes
                0x000000e9       0x39 ..\library.a(lcd_log.o)
 .ARM.attributes
                0x00000122       0x39 ..\library.a(stm32f429i_discovery.o)
 .ARM.attributes
                0x0000015b       0x39 ..\library.a(stm32f429i_discovery_lcd.o)
 .ARM.attributes
                0x00000194       0x39 ..\library.a(stm32f429i_discovery_sdram.o)
 .ARM.attributes
                0x000001cd       0x39 ..\library.a(system_stm32f4xx.o)
 .ARM.attributes
                0x00000206       0x39 ..\library.a(stm32f4xx_hal.o)
 .ARM.attributes
                0x0000023f       0x39 ..\library.a(stm32f4xx_hal_cortex.o)
 .ARM.attributes
                0x00000278       0x39 ..\library.a(stm32f4xx_hal_dma.o)
 .ARM.attributes
                0x000002b1       0x39 ..\library.a(stm32f4xx_hal_dma2d.o)
 .ARM.attributes
                0x000002ea       0x39 ..\library.a(stm32f4xx_hal_gpio.o)
 .ARM.attributes
                0x00000323       0x39 ..\library.a(stm32f4xx_hal_ltdc.o)
 .ARM.attributes
                0x0000035c       0x39 ..\library.a(stm32f4xx_hal_pwr_ex.o)
 .ARM.attributes
                0x00000395       0x39 ..\library.a(stm32f4xx_hal_rcc.o)
 .ARM.attributes
                0x000003ce       0x39 ..\library.a(stm32f4xx_hal_rcc_ex.o)
 .ARM.attributes
                0x00000407       0x39 ..\library.a(stm32f4xx_hal_sdram.o)
 .ARM.attributes
                0x00000440       0x39 ..\library.a(stm32f4xx_hal_spi.o)
 .ARM.attributes
                0x00000479       0x39 ..\library.a(stm32f4xx_ll_fmc.o)
 .ARM.attributes
                0x000004b2       0x39 ..\library.a(ili9341.o)
 .ARM.attributes
                0x000004eb       0x34 c:/program files (x86)/embitz/0.40/share/em_armgcc/bin/../lib/gcc/arm-none-eabi/4.8.4/../../../../arm-none-eabi/lib/armv7e-m/fpu\libg_n.a(lib_a-printf.o)
 .ARM.attributes
                0x0000051f       0x34 c:/program files (x86)/embitz/0.40/share/em_armgcc/bin/../lib/gcc/arm-none-eabi/4.8.4/../../../../arm-none-eabi/lib/armv7e-m/fpu\libg_n.a(lib_a-putchar.o)
 .ARM.attributes
                0x00000553       0x34 c:/program files (x86)/embitz/0.40/share/em_armgcc/bin/../lib/gcc/arm-none-eabi/4.8.4/../../../../arm-none-eabi/lib/armv7e-m/fpu\libg_n.a(lib_a-puts.o)
 .ARM.attributes
                0x00000587       0x34 c:/program files (x86)/embitz/0.40/share/em_armgcc/bin/../lib/gcc/arm-none-eabi/4.8.4/../../../../arm-none-eabi/lib/armv7e-m/fpu\libg_n.a(lib_a-strchr.o)
 .ARM.attributes
                0x000005bb       0x34 c:/program files (x86)/embitz/0.40/share/em_armgcc/bin/../lib/gcc/arm-none-eabi/4.8.4/../../../../arm-none-eabi/lib/armv7e-m/fpu\libg_n.a(lib_a-strcpy.o)
 .ARM.attributes
                0x000005ef       0x34 c:/program files (x86)/embitz/0.40/share/em_armgcc/bin/../lib/gcc/arm-none-eabi/4.8.4/../../../../arm-none-eabi/lib/armv7e-m/fpu\libg_n.a(lib_a-vfprintf.o)
 .ARM.attributes
                0x00000623       0x34 c:/program files (x86)/embitz/0.40/share/em_armgcc/bin/../lib/gcc/arm-none-eabi/4.8.4/../../../../arm-none-eabi/lib/armv7e-m/fpu\libg_n.a(lib_a-vfprintf_i.o)
 .ARM.attributes
                0x00000657       0x34 c:/program files (x86)/embitz/0.40/share/em_armgcc/bin/../lib/gcc/arm-none-eabi/4.8.4/../../../../arm-none-eabi/lib/armv7e-m/fpu\libg_n.a(lib_a-wbuf.o)
 .ARM.attributes
                0x0000068b       0x34 c:/program files (x86)/embitz/0.40/share/em_armgcc/bin/../lib/gcc/arm-none-eabi/4.8.4/../../../../arm-none-eabi/lib/armv7e-m/fpu\libg_n.a(lib_a-wsetup.o)
 .ARM.attributes
                0x000006bf       0x34 c:/program files (x86)/embitz/0.40/share/em_armgcc/bin/../lib/gcc/arm-none-eabi/4.8.4/../../../../arm-none-eabi/lib/armv7e-m/fpu\libg_n.a(lib_a-fflush.o)
 .ARM.attributes
                0x000006f3       0x34 c:/program files (x86)/embitz/0.40/share/em_armgcc/bin/../lib/gcc/arm-none-eabi/4.8.4/../../../../arm-none-eabi/lib/armv7e-m/fpu\libg_n.a(lib_a-findfp.o)
 .ARM.attributes
                0x00000727       0x34 c:/program files (x86)/embitz/0.40/share/em_armgcc/bin/../lib/gcc/arm-none-eabi/4.8.4/../../../../arm-none-eabi/lib/armv7e-m/fpu\libg_n.a(lib_a-impure.o)
 .ARM.attributes
                0x0000075b       0x34 c:/program files (x86)/embitz/0.40/share/em_armgcc/bin/../lib/gcc/arm-none-eabi/4.8.4/../../../../arm-none-eabi/lib/armv7e-m/fpu\libg_n.a(lib_a-makebuf.o)
 .ARM.attributes
                0x0000078f       0x34 c:/program files (x86)/embitz/0.40/share/em_armgcc/bin/../lib/gcc/arm-none-eabi/4.8.4/../../../../arm-none-eabi/lib/armv7e-m/fpu\libg_n.a(lib_a-memchr-stub.o)
 .ARM.attributes
                0x000007c3       0x34 c:/program files (x86)/embitz/0.40/share/em_armgcc/bin/../lib/gcc/arm-none-eabi/4.8.4/../../../../arm-none-eabi/lib/armv7e-m/fpu\libg_n.a(lib_a-memset.o)
 .ARM.attributes
                0x000007f7       0x34 c:/program files (x86)/embitz/0.40/share/em_armgcc/bin/../lib/gcc/arm-none-eabi/4.8.4/../../../../arm-none-eabi/lib/armv7e-m/fpu\libg_n.a(lib_a-nano-freer.o)
 .ARM.attributes
                0x0000082b       0x34 c:/program files (x86)/embitz/0.40/share/em_armgcc/bin/../lib/gcc/arm-none-eabi/4.8.4/../../../../arm-none-eabi/lib/armv7e-m/fpu\libg_n.a(lib_a-nano-mallocr.o)
 .ARM.attributes
                0x0000085f       0x34 c:/program files (x86)/embitz/0.40/share/em_armgcc/bin/../lib/gcc/arm-none-eabi/4.8.4/../../../../arm-none-eabi/lib/armv7e-m/fpu\libg_n.a(lib_a-putc.o)
 .ARM.attributes
                0x00000893       0x34 c:/program files (x86)/embitz/0.40/share/em_armgcc/bin/../lib/gcc/arm-none-eabi/4.8.4/../../../../arm-none-eabi/lib/armv7e-m/fpu\libg_n.a(lib_a-sbrkr.o)
 .ARM.attributes
                0x000008c7       0x34 c:/program files (x86)/embitz/0.40/share/em_armgcc/bin/../lib/gcc/arm-none-eabi/4.8.4/../../../../arm-none-eabi/lib/armv7e-m/fpu\libg_n.a(lib_a-stdio.o)
 .ARM.attributes
                0x000008fb       0x34 c:/program files (x86)/embitz/0.40/share/em_armgcc/bin/../lib/gcc/arm-none-eabi/4.8.4/../../../../arm-none-eabi/lib/armv7e-m/fpu\libg_n.a(lib_a-strlen.o)
 .ARM.attributes
                0x0000092f       0x34 c:/program files (x86)/embitz/0.40/share/em_armgcc/bin/../lib/gcc/arm-none-eabi/4.8.4/../../../../arm-none-eabi/lib/armv7e-m/fpu\libg_n.a(lib_a-writer.o)
 .ARM.attributes
                0x00000963       0x34 c:/program files (x86)/embitz/0.40/share/em_armgcc/bin/../lib/gcc/arm-none-eabi/4.8.4/../../../../arm-none-eabi/lib/armv7e-m/fpu\libg_n.a(lib_a-closer.o)
 .ARM.attributes
                0x00000997       0x34 c:/program files (x86)/embitz/0.40/share/em_armgcc/bin/../lib/gcc/arm-none-eabi/4.8.4/../../../../arm-none-eabi/lib/armv7e-m/fpu\libg_n.a(lib_a-fstatr.o)
 .ARM.attributes
                0x000009cb       0x34 c:/program files (x86)/embitz/0.40/share/em_armgcc/bin/../lib/gcc/arm-none-eabi/4.8.4/../../../../arm-none-eabi/lib/armv7e-m/fpu\libg_n.a(lib_a-isattyr.o)
 .ARM.attributes
                0x000009ff       0x34 c:/program files (x86)/embitz/0.40/share/em_armgcc/bin/../lib/gcc/arm-none-eabi/4.8.4/../../../../arm-none-eabi/lib/armv7e-m/fpu\libg_n.a(lib_a-lseekr.o)
 .ARM.attributes
                0x00000a33       0x34 c:/program files (x86)/embitz/0.40/share/em_armgcc/bin/../lib/gcc/arm-none-eabi/4.8.4/../../../../arm-none-eabi/lib/armv7e-m/fpu\libg_n.a(lib_a-readr.o)
 .ARM.attributes
                0x00000a67       0x34 c:/program files (x86)/embitz/0.40/share/em_armgcc/bin/../lib/gcc/arm-none-eabi/4.8.4/../../../../arm-none-eabi/lib/armv7e-m/fpu\libg_n.a(lib_a-reent.o)
 .ARM.attributes
                0x00000a9b       0x34 c:/program files (x86)/embitz/0.40/share/em_armgcc/bin/../lib/gcc/arm-none-eabi/4.8.4/../../../../arm-none-eabi/lib/armv7e-m/fpu\libnosys_s.a(close.o)
 .ARM.attributes
                0x00000acf       0x34 c:/program files (x86)/embitz/0.40/share/em_armgcc/bin/../lib/gcc/arm-none-eabi/4.8.4/../../../../arm-none-eabi/lib/armv7e-m/fpu\libnosys_s.a(fstat.o)
 .ARM.attributes
                0x00000b03       0x34 c:/program files (x86)/embitz/0.40/share/em_armgcc/bin/../lib/gcc/arm-none-eabi/4.8.4/../../../../arm-none-eabi/lib/armv7e-m/fpu\libnosys_s.a(isatty.o)
 .ARM.attributes
                0x00000b37       0x34 c:/program files (x86)/embitz/0.40/share/em_armgcc/bin/../lib/gcc/arm-none-eabi/4.8.4/../../../../arm-none-eabi/lib/armv7e-m/fpu\libnosys_s.a(lseek.o)
 .ARM.attributes
                0x00000b6b       0x34 c:/program files (x86)/embitz/0.40/share/em_armgcc/bin/../lib/gcc/arm-none-eabi/4.8.4/../../../../arm-none-eabi/lib/armv7e-m/fpu\libnosys_s.a(read.o)
 .ARM.attributes
                0x00000b9f       0x34 c:/program files (x86)/embitz/0.40/share/em_armgcc/bin/../lib/gcc/arm-none-eabi/4.8.4/../../../../arm-none-eabi/lib/armv7e-m/fpu\libnosys_s.a(sbrk.o)

.debug_frame    0x00000000      0x85c
 .debug_frame   0x00000000       0x58 obj\debug\main.o
 .debug_frame   0x00000058       0x60 c:/program files (x86)/embitz/0.40/share/em_armgcc/bin/../lib/gcc/arm-none-eabi/4.8.4/../../../../arm-none-eabi/lib/armv7e-m/fpu\libg_n.a(lib_a-printf.o)
 .debug_frame   0x000000b8       0x48 c:/program files (x86)/embitz/0.40/share/em_armgcc/bin/../lib/gcc/arm-none-eabi/4.8.4/../../../../arm-none-eabi/lib/armv7e-m/fpu\libg_n.a(lib_a-putchar.o)
 .debug_frame   0x00000100       0x3c c:/program files (x86)/embitz/0.40/share/em_armgcc/bin/../lib/gcc/arm-none-eabi/4.8.4/../../../../arm-none-eabi/lib/armv7e-m/fpu\libg_n.a(lib_a-puts.o)
 .debug_frame   0x0000013c       0x20 c:/program files (x86)/embitz/0.40/share/em_armgcc/bin/../lib/gcc/arm-none-eabi/4.8.4/../../../../arm-none-eabi/lib/armv7e-m/fpu\libg_n.a(lib_a-strchr.o)
 .debug_frame   0x0000015c       0x20 c:/program files (x86)/embitz/0.40/share/em_armgcc/bin/../lib/gcc/arm-none-eabi/4.8.4/../../../../arm-none-eabi/lib/armv7e-m/fpu\libg_n.a(lib_a-strcpy.o)
 .debug_frame   0x0000017c       0xa8 c:/program files (x86)/embitz/0.40/share/em_armgcc/bin/../lib/gcc/arm-none-eabi/4.8.4/../../../../arm-none-eabi/lib/armv7e-m/fpu\libg_n.a(lib_a-vfprintf.o)
 .debug_frame   0x00000224       0x60 c:/program files (x86)/embitz/0.40/share/em_armgcc/bin/../lib/gcc/arm-none-eabi/4.8.4/../../../../arm-none-eabi/lib/armv7e-m/fpu\libg_n.a(lib_a-vfprintf_i.o)
 .debug_frame   0x00000284       0x3c c:/program files (x86)/embitz/0.40/share/em_armgcc/bin/../lib/gcc/arm-none-eabi/4.8.4/../../../../arm-none-eabi/lib/armv7e-m/fpu\libg_n.a(lib_a-wbuf.o)
 .debug_frame   0x000002c0       0x2c c:/program files (x86)/embitz/0.40/share/em_armgcc/bin/../lib/gcc/arm-none-eabi/4.8.4/../../../../arm-none-eabi/lib/armv7e-m/fpu\libg_n.a(lib_a-wsetup.o)
 .debug_frame   0x000002ec       0x5c c:/program files (x86)/embitz/0.40/share/em_armgcc/bin/../lib/gcc/arm-none-eabi/4.8.4/../../../../arm-none-eabi/lib/armv7e-m/fpu\libg_n.a(lib_a-fflush.o)
 .debug_frame   0x00000348      0x12c c:/program files (x86)/embitz/0.40/share/em_armgcc/bin/../lib/gcc/arm-none-eabi/4.8.4/../../../../arm-none-eabi/lib/armv7e-m/fpu\libg_n.a(lib_a-findfp.o)
 .debug_frame   0x00000474       0x30 c:/program files (x86)/embitz/0.40/share/em_armgcc/bin/../lib/gcc/arm-none-eabi/4.8.4/../../../../arm-none-eabi/lib/armv7e-m/fpu\libg_n.a(lib_a-makebuf.o)
 .debug_frame   0x000004a4       0x28 c:/program files (x86)/embitz/0.40/share/em_armgcc/bin/../lib/gcc/arm-none-eabi/4.8.4/../../../../arm-none-eabi/lib/armv7e-m/fpu\libg_n.a(lib_a-memchr-stub.o)
 .debug_frame   0x000004cc       0x20 c:/program files (x86)/embitz/0.40/share/em_armgcc/bin/../lib/gcc/arm-none-eabi/4.8.4/../../../../arm-none-eabi/lib/armv7e-m/fpu\libg_n.a(lib_a-memset.o)
 .debug_frame   0x000004ec       0x2c c:/program files (x86)/embitz/0.40/share/em_armgcc/bin/../lib/gcc/arm-none-eabi/4.8.4/../../../../arm-none-eabi/lib/armv7e-m/fpu\libg_n.a(lib_a-nano-freer.o)
 .debug_frame   0x00000518       0x2c c:/program files (x86)/embitz/0.40/share/em_armgcc/bin/../lib/gcc/arm-none-eabi/4.8.4/../../../../arm-none-eabi/lib/armv7e-m/fpu\libg_n.a(lib_a-nano-mallocr.o)
 .debug_frame   0x00000544       0x3c c:/program files (x86)/embitz/0.40/share/em_armgcc/bin/../lib/gcc/arm-none-eabi/4.8.4/../../../../arm-none-eabi/lib/armv7e-m/fpu\libg_n.a(lib_a-putc.o)
 .debug_frame   0x00000580       0x2c c:/program files (x86)/embitz/0.40/share/em_armgcc/bin/../lib/gcc/arm-none-eabi/4.8.4/../../../../arm-none-eabi/lib/armv7e-m/fpu\libg_n.a(lib_a-sbrkr.o)
 .debug_frame   0x000005ac       0x80 c:/program files (x86)/embitz/0.40/share/em_armgcc/bin/../lib/gcc/arm-none-eabi/4.8.4/../../../../arm-none-eabi/lib/armv7e-m/fpu\libg_n.a(lib_a-stdio.o)
 .debug_frame   0x0000062c       0x20 c:/program files (x86)/embitz/0.40/share/em_armgcc/bin/../lib/gcc/arm-none-eabi/4.8.4/../../../../arm-none-eabi/lib/armv7e-m/fpu\libg_n.a(lib_a-strlen.o)
 .debug_frame   0x0000064c       0x2c c:/program files (x86)/embitz/0.40/share/em_armgcc/bin/../lib/gcc/arm-none-eabi/4.8.4/../../../../arm-none-eabi/lib/armv7e-m/fpu\libg_n.a(lib_a-writer.o)
 .debug_frame   0x00000678       0x2c c:/program files (x86)/embitz/0.40/share/em_armgcc/bin/../lib/gcc/arm-none-eabi/4.8.4/../../../../arm-none-eabi/lib/armv7e-m/fpu\libg_n.a(lib_a-closer.o)
 .debug_frame   0x000006a4       0x2c c:/program files (x86)/embitz/0.40/share/em_armgcc/bin/../lib/gcc/arm-none-eabi/4.8.4/../../../../arm-none-eabi/lib/armv7e-m/fpu\libg_n.a(lib_a-fstatr.o)
 .debug_frame   0x000006d0       0x2c c:/program files (x86)/embitz/0.40/share/em_armgcc/bin/../lib/gcc/arm-none-eabi/4.8.4/../../../../arm-none-eabi/lib/armv7e-m/fpu\libg_n.a(lib_a-isattyr.o)
 .debug_frame   0x000006fc       0x2c c:/program files (x86)/embitz/0.40/share/em_armgcc/bin/../lib/gcc/arm-none-eabi/4.8.4/../../../../arm-none-eabi/lib/armv7e-m/fpu\libg_n.a(lib_a-lseekr.o)
 .debug_frame   0x00000728       0x2c c:/program files (x86)/embitz/0.40/share/em_armgcc/bin/../lib/gcc/arm-none-eabi/4.8.4/../../../../arm-none-eabi/lib/armv7e-m/fpu\libg_n.a(lib_a-readr.o)
 .debug_frame   0x00000754       0x48 c:/program files (x86)/embitz/0.40/share/em_armgcc/bin/../lib/gcc/arm-none-eabi/4.8.4/../../../../arm-none-eabi/lib/armv7e-m/fpu\libg_n.a(lib_a-reent.o)
 .debug_frame   0x0000079c       0x20 c:/program files (x86)/embitz/0.40/share/em_armgcc/bin/../lib/gcc/arm-none-eabi/4.8.4/../../../../arm-none-eabi/lib/armv7e-m/fpu\libnosys_s.a(close.o)
 .debug_frame   0x000007bc       0x20 c:/program files (x86)/embitz/0.40/share/em_armgcc/bin/../lib/gcc/arm-none-eabi/4.8.4/../../../../arm-none-eabi/lib/armv7e-m/fpu\libnosys_s.a(fstat.o)
 .debug_frame   0x000007dc       0x20 c:/program files (x86)/embitz/0.40/share/em_armgcc/bin/../lib/gcc/arm-none-eabi/4.8.4/../../../../arm-none-eabi/lib/armv7e-m/fpu\libnosys_s.a(isatty.o)
 .debug_frame   0x000007fc       0x20 c:/program files (x86)/embitz/0.40/share/em_armgcc/bin/../lib/gcc/arm-none-eabi/4.8.4/../../../../arm-none-eabi/lib/armv7e-m/fpu\libnosys_s.a(lseek.o)
 .debug_frame   0x0000081c       0x20 c:/program files (x86)/embitz/0.40/share/em_armgcc/bin/../lib/gcc/arm-none-eabi/4.8.4/../../../../arm-none-eabi/lib/armv7e-m/fpu\libnosys_s.a(read.o)
 .debug_frame   0x0000083c       0x20 c:/program files (x86)/embitz/0.40/share/em_armgcc/bin/../lib/gcc/arm-none-eabi/4.8.4/../../../../arm-none-eabi/lib/armv7e-m/fpu\libnosys_s.a(sbrk.o)

.stab           0x00000000       0x84
 .stab          0x00000000       0x24 c:/program files (x86)/embitz/0.40/share/em_armgcc/bin/../lib/gcc/arm-none-eabi/4.8.4/../../../../arm-none-eabi/lib/armv7e-m/fpu\libnosys_s.a(close.o)
 .stab          0x00000024       0x18 c:/program files (x86)/embitz/0.40/share/em_armgcc/bin/../lib/gcc/arm-none-eabi/4.8.4/../../../../arm-none-eabi/lib/armv7e-m/fpu\libnosys_s.a(fstat.o)
                                 0x24 (size before relaxing)
 .stab          0x0000003c       0x18 c:/program files (x86)/embitz/0.40/share/em_armgcc/bin/../lib/gcc/arm-none-eabi/4.8.4/../../../../arm-none-eabi/lib/armv7e-m/fpu\libnosys_s.a(isatty.o)
                                 0x24 (size before relaxing)
 .stab          0x00000054       0x18 c:/program files (x86)/embitz/0.40/share/em_armgcc/bin/../lib/gcc/arm-none-eabi/4.8.4/../../../../arm-none-eabi/lib/armv7e-m/fpu\libnosys_s.a(lseek.o)
                                 0x24 (size before relaxing)
 .stab          0x0000006c       0x18 c:/program files (x86)/embitz/0.40/share/em_armgcc/bin/../lib/gcc/arm-none-eabi/4.8.4/../../../../arm-none-eabi/lib/armv7e-m/fpu\libnosys_s.a(read.o)
                                 0x24 (size before relaxing)

.stabstr        0x00000000      0x117
 .stabstr       0x00000000      0x117 c:/program files (x86)/embitz/0.40/share/em_armgcc/bin/../lib/gcc/arm-none-eabi/4.8.4/../../../../arm-none-eabi/lib/armv7e-m/fpu\libnosys_s.a(close.o)
